Component: ARM Compiler 5.05 update 1 (build 106) Tool: armlink [4d0efa]

==============================================================================

Section Cross References

    main.o(.text) refers to drleqf.o(x$fpl$drleqf) for __aeabi_cdrcmple
    main.o(.text) refers to ddiv.o(x$fpl$ddiv) for __aeabi_ddiv
    main.o(.text) refers to dmul.o(x$fpl$dmul) for __aeabi_dmul
    main.o(.text) refers to daddsub_clz.o(x$fpl$dadd) for __aeabi_dadd
    main.o(.text) refers to daddsub_clz.o(x$fpl$dsub) for __aeabi_dsub
    main.o(.text) refers to main.o(.bss) for a
    main.o(.text) refers to main.o(.data) for y20
    main.o(.text) refers to faddsub_clz.o(x$fpl$fadd) for __aeabi_fadd
    main.o(.text) refers to fdiv.o(x$fpl$fdiv) for __aeabi_fdiv
    main.o(.text) refers to fleqf.o(x$fpl$fleqf) for __aeabi_cfcmple
    main.o(.text) refers to oled.o(.text) for OLED_Clear
    main.o(.text) refers to dfix.o(x$fpl$dfix) for __aeabi_d2iz
    main.o(.text) refers to fdc2214.o(.text) for FDC2214_read_CHx
    main.o(.text) refers to fmul.o(x$fpl$fmul) for __aeabi_fmul
    main.o(.text) refers to ffixu.o(x$fpl$ffixu) for __aeabi_f2uiz
    main.o(.text) refers to stm32f10x_gpio.o(.text) for GPIO_ReadInputDataBit
    main.o(.text) refers to delay.o(.text) for delay_ms
    main.o(.text) refers to f2d.o(x$fpl$f2d) for __aeabi_f2d
    main.o(.text) refers to flash.o(.text) for SPI_Flash_Write
    main.o(.text) refers to dleqf.o(x$fpl$dleqf) for __aeabi_cdcmple
    main.o(.text) refers to stm32f10x_tim.o(.text) for TIM_Cmd
    main.o(.text) refers to misc.o(.text) for NVIC_PriorityGroupConfig
    main.o(.text) refers to beep.o(.text) for BEEP_Init
    main.o(.text) refers to key.o(.text) for KEY_Init
    main.o(.text) refers to mytime.o(.text) for Time_Init
    main.o(.text) refers to dflt_clz.o(x$fpl$dflt) for __aeabi_i2d
    main.o(.text) refers to daddsub_clz.o(x$fpl$drsb) for __aeabi_drsub
    main.o(.text) refers to d2f.o(x$fpl$d2f) for __aeabi_d2f
    system_stm32f10x.o(.text) refers to system_stm32f10x.o(.data) for SystemCoreClock
    led.o(.text) refers to stm32f10x_rcc.o(.text) for RCC_APB2PeriphClockCmd
    led.o(.text) refers to stm32f10x_gpio.o(.text) for GPIO_Init
    wkup.o(.text) refers to stm32f10x_rcc.o(.text) for RCC_APB1PeriphClockCmd
    wkup.o(.text) refers to stm32f10x_pwr.o(.text) for PWR_WakeUpPinCmd
    wkup.o(.text) refers to delay.o(.text) for delay_ms
    wkup.o(.text) refers to stm32f10x_exti.o(.text) for EXTI_ClearITPendingBit
    wkup.o(.text) refers to stm32f10x_gpio.o(.text) for GPIO_Init
    wkup.o(.text) refers to misc.o(.text) for NVIC_Init
    oled.o(.text) refers to stm32f10x_gpio.o(.text) for GPIO_SetBits
    oled.o(.text) refers to oled.o(.constdata) for F8X16
    oled.o(.text) refers to stm32f10x_rcc.o(.text) for RCC_APB2PeriphClockCmd
    oled.o(.text) refers to delay.o(.text) for delay_ms
    oled.o(.text) refers to oled.o(.data) for Hzk
    fdc2214.o(.text) refers to myiic.o(.text) for FDC_read_16bit
    fdc2214.o(.text) refers to fflt_clz.o(x$fpl$ffltu) for __aeabi_ui2f
    fdc2214.o(.text) refers to fmul.o(x$fpl$fmul) for __aeabi_fmul
    fdc2214.o(.text) refers to fdiv.o(x$fpl$fdiv) for __aeabi_fdiv
    fdc2214.o(.text) refers to faddsub_clz.o(x$fpl$fsub) for __aeabi_fsub
    fdc2214.o(.text) refers to delay.o(.text) for delay_ms
    fdc2214.o(.text) refers to fdc2214.o(.data) for data_Fdc2214_H
    myiic.o(.text) refers to stm32f10x_rcc.o(.text) for RCC_APB2PeriphClockCmd
    myiic.o(.text) refers to stm32f10x_gpio.o(.text) for GPIO_Init
    myiic.o(.text) refers to delay.o(.text) for delay_us
    beep.o(.text) refers to stm32f10x_rcc.o(.text) for RCC_APB2PeriphClockCmd
    beep.o(.text) refers to stm32f10x_gpio.o(.text) for GPIO_Init
    key.o(.text) refers to stm32f10x_rcc.o(.text) for RCC_APB2PeriphClockCmd
    key.o(.text) refers to stm32f10x_gpio.o(.text) for GPIO_PinRemapConfig
    key.o(.text) refers to delay.o(.text) for delay_ms
    key.o(.text) refers to key.o(.data) for key_up
    mytime.o(.text) refers to stm32f10x_rcc.o(.text) for RCC_APB1PeriphClockCmd
    mytime.o(.text) refers to stm32f10x_tim.o(.text) for TIM_TimeBaseInit
    mytime.o(.text) refers to misc.o(.text) for NVIC_Init
    flash.o(.text) refers to spi.o(.text) for SPI1_ReadWriteByte
    flash.o(.text) refers to stm32f10x_rcc.o(.text) for RCC_APB2PeriphClockCmd
    flash.o(.text) refers to stm32f10x_gpio.o(.text) for GPIO_Init
    flash.o(.text) refers to delay.o(.text) for delay_us
    flash.o(.text) refers to flash.o(.data) for SPI_FLASH_TYPE
    flash.o(.text) refers to flash.o(.bss) for SPI_FLASH_BUF
    spi.o(.text) refers to stm32f10x_spi.o(.text) for SPI_I2S_GetFlagStatus
    spi.o(.text) refers to stm32f10x_rcc.o(.text) for RCC_APB2PeriphClockCmd
    spi.o(.text) refers to stm32f10x_gpio.o(.text) for GPIO_Init
    spi.o(.text) refers to spi.o(.bss) for SPI_InitStructure
    delay.o(.text) refers to misc.o(.text) for SysTick_CLKSourceConfig
[...]
    ../fplib/daddsub.s                       0x00000000   Number         0  daddsub_clz.o ABSOLUTE
    ../fplib/dcmpi.s                         0x00000000   Number         0  dcmpi.o ABSOLUTE
    ../fplib/ddiv.s                          0x00000000   Number         0  ddiv.o ABSOLUTE
    ../fplib/dfix.s                          0x00000000   Number         0  dfix.o ABSOLUTE
    ../fplib/dflt.s                          0x00000000   Number         0  dflt_clz.o ABSOLUTE
    ../fplib/dleqf.s                         0x00000000   Number         0  dleqf.o ABSOLUTE
    ../fplib/dmul.s                          0x00000000   Number         0  dmul.o ABSOLUTE
    ../fplib/dnaninf.s                       0x00000000   Number         0  dnaninf.o ABSOLUTE
    ../fplib/dretinf.s                       0x00000000   Number         0  dretinf.o ABSOLUTE
    ../fplib/drleqf.s                        0x00000000   Number         0  drleqf.o ABSOLUTE
    ../fplib/f2d.s                           0x00000000   Number         0  f2d.o ABSOLUTE
    ../fplib/faddsub.s                       0x00000000   Number         0  faddsub_clz.o ABSOLUTE
    ../fplib/fcmpi.s                         0x00000000   Number         0  fcmpi.o ABSOLUTE
    ../fplib/fdiv.s                          0x00000000   Number         0  fdiv.o ABSOLUTE
    ../fplib/ffixu.s                         0x00000000   Number         0  ffixu.o ABSOLUTE
    ../fplib/fflt.s                          0x00000000   Number         0  fflt_clz.o ABSOLUTE
    ../fplib/fleqf.s                         0x00000000   Number         0  fleqf.o ABSOLUTE
    ../fplib/fmul.s                          0x00000000   Number         0  fmul.o ABSOLUTE
    ../fplib/fnaninf.s                       0x00000000   Number         0  fnaninf.o ABSOLUTE
    ../fplib/fpinit.s                        0x00000000   Number         0  fpinit.o ABSOLUTE
    ../fplib/fretinf.s                       0x00000000   Number         0  fretinf.o ABSOLUTE
    ../fplib/usenofp.s                       0x00000000   Number         0  usenofp.o ABSOLUTE
    ..\CORE\core_cm3.c                       0x00000000   Number         0  core_cm3.o ABSOLUTE
    ..\CORE\startup_stm32f10x_hd.s           0x00000000   Number         0  startup_stm32f10x_hd.o ABSOLUTE
    ..\HARDWARE\BEEP\beep.c                  0x00000000   Number         0  beep.o ABSOLUTE
    ..\HARDWARE\FDC2214\FDC2214.c            0x00000000   Number         0  fdc2214.o ABSOLUTE
    ..\HARDWARE\FLASH\flash.c                0x00000000   Number         0  flash.o ABSOLUTE
    ..\HARDWARE\IIC\myiic.c                  0x00000000   Number         0  myiic.o ABSOLUTE
    ..\HARDWARE\KEY\key.c                    0x00000000   Number         0  key.o ABSOLUTE
    ..\HARDWARE\LED\led.c                    0x00000000   Number         0  led.o ABSOLUTE
    ..\HARDWARE\OLED\oled.c                  0x00000000   Number         0  oled.o ABSOLUTE
    ..\HARDWARE\SPI\spi.c                    0x00000000   Number         0  spi.o ABSOLUTE
    ..\HARDWARE\TIMER\mytime.c               0x00000000   Number         0  mytime.o ABSOLUTE
    ..\HARDWARE\WKUP\wkup.c                  0x00000000   Number         0  wkup.o ABSOLUTE
    ..\STM32F10x_FWLib\src\misc.c            0x00000000   Number         0  misc.o ABSOLUTE
    ..\STM32F10x_FWLib\src\stm32f10x_bkp.c   0x00000000   Number         0  stm32f10x_bkp.o ABSOLUTE
    ..\STM32F10x_FWLib\src\stm32f10x_exti.c  0x00000000   Number         0  stm32f10x_exti.o ABSOLUTE
    ..\STM32F10x_FWLib\src\stm32f10x_gpio.c  0x00000000   Number         0  stm32f10x_gpio.o ABSOLUTE
    ..\STM32F10x_FWLib\src\stm32f10x_pwr.c   0x00000000   Number         0  stm32f10x_pwr.o ABSOLUTE
    ..\STM32F10x_FWLib\src\stm32f10x_rcc.c   0x00000000   Number         0  stm32f10x_rcc.o ABSOLUTE
    ..\STM32F10x_FWLib\src\stm32f10x_spi.c   0x00000000   Number         0  stm32f10x_spi.o ABSOLUTE
    ..\STM32F10x_FWLib\src\stm32f10x_tim.c   0x00000000   Number         0  stm32f10x_tim.o ABSOLUTE
    ..\STM32F10x_FWLib\src\stm32f10x_usart.c 0x00000000   Number         0  stm32f10x_usart.o ABSOLUTE
    ..\SYSTEM\delay\delay.c                  0x00000000   Number         0  delay.o ABSOLUTE
    ..\SYSTEM\sys\sys.c                      0x00000000   Number         0  sys.o ABSOLUTE
    ..\SYSTEM\usart\usart.c                  0x00000000   Number         0  usart.o ABSOLUTE
    ..\\CORE\\core_cm3.c                     0x00000000   Number         0  core_cm3.o ABSOLUTE
    ..\\SYSTEM\\sys\\sys.c                   0x00000000   Number         0  sys.o ABSOLUTE
    dc.s                                     0x00000000   Number         0  dc.o ABSOLUTE
    main.c                                   0x00000000   Number         0  main.o ABSOLUTE
    stm32f10x_it.c                           0x00000000   Number         0  stm32f10x_it.o ABSOLUTE
    system_stm32f10x.c                       0x00000000   Number         0  system_stm32f10x.o ABSOLUTE
    RESET                                    0x08000000   Section      304  startup_stm32f10x_hd.o(RESET)
    !!!main                                  0x08000130   Section        8  __main.o(!!!main)
    !!!scatter                               0x08000138   Section       52  __scatter.o(!!!scatter)
    !!dczerorl2                              0x0800016c   Section       90  __dczerorl2.o(!!dczerorl2)
    !!handler_zi                             0x080001c8   Section       28  __scatter_zi.o(!!handler_zi)
    .ARM.Collect$$libinit$$00000000          0x080001e4   Section        2  libinit.o(.ARM.Collect$$libinit$$00000000)
    .ARM.Collect$$libinit$$00000002          0x080001e6   Section        0  libinit2.o(.ARM.Collect$$libinit$$00000002)
    .ARM.Collect$$libinit$$00000004          0x080001e6   Section        0  libinit2.o(.ARM.Collect$$libinit$$00000004)
    .ARM.Collect$$libinit$$0000000A          0x080001e6   Section        0  libinit2.o(.ARM.Collect$$libinit$$0000000A)
    .ARM.Collect$$libinit$$0000000C          0x080001e6   Section        0  libinit2.o(.ARM.Collect$$libinit$$0000000C)
    .ARM.Collect$$libinit$$0000000E          0x080001e6   Section        0  libinit2.o(.ARM.Collect$$libinit$$0000000E)
    .ARM.Collect$$libinit$$00000011          0x080001e6   Section        0  libinit2.o(.ARM.Collect$$libinit$$00000011)
    .ARM.Collect$$libinit$$00000013          0x080001e6   Section        0  libinit2.o(.ARM.Collect$$libinit$$00000013)
    .ARM.Collect$$libinit$$00000015          0x080001e6   Section        0  libinit2.o(.ARM.Collect$$libinit$$00000015)
    .ARM.Collect$$libinit$$00000017          0x080001e6   Section        0  libinit2.o(.ARM.Collect$$libinit$$00000017)
    .ARM.Collect$$libinit$$00000019          0x080001e6   Section        0  libinit2.o(.ARM.Collect$$libinit$$00000019)
    .ARM.Collect$$libinit$$0000001B          0x080001e6   Section        0  libinit2.o(.ARM.Collect$$libinit$$0000001B)
    .ARM.Collect$$libinit$$0000001D          0x080001e6   Section        0  libinit2.o(.ARM.Collect$$libinit$$0000001D)
    .ARM.Collect$$libinit$$0000001F          0x080001e6   Section        0  libinit2.o(.ARM.Collect$$libinit$$0000001F)
    .ARM.Collect$$libinit$$00000021          0x080001e6   Section        0  libinit2.o(.ARM.Collect$$libinit$$00000021)
    .ARM.Collect$$libinit$$00000023          0x080001e6   Section        0  libinit2.o(.ARM.Collect$$libinit$$00000023)
    .ARM.Collect$$libinit$$00000025          0x080001e6   Section        0  libinit2.o(.ARM.Collect$$libinit$$00000025)
    .ARM.Collect$$libinit$$0000002C          0x080001e6   Section        0  libinit2.o(.ARM.Collect$$libinit$$0000002C)
    .ARM.Collect$$libinit$$0000002E          0x080001e6   Section        0  libinit2.o(.ARM.Collect$$libinit$$0000002E)
    .ARM.Collect$$libinit$$00000030          0x080001e6   Section        0  libinit2.o(.ARM.Collect$$libinit$$00000030)
    .ARM.Collect$$libinit$$00000032          0x080001e6   Section        0  libinit2.o(.ARM.Collect$$libinit$$00000032)
    .ARM.Collect$$libinit$$00000033          0x080001e6   Section        2  libinit2.o(.ARM.Collect$$libinit$$00000033)
    .ARM.Collect$$libshutdown$$00000000      0x080001e8   Section        2  libshutdown.o(.ARM.Collect$$libshutdown$$00000000)
    .ARM.Collect$$libshutdown$$00000003      0x080001ea   Section        0  libshutdown2.o(.ARM.Collect$$libshutdown$$00000003)
    .ARM.Collect$$libshutdown$$00000006      0x080001ea   Section        0  libshutdown2.o(.ARM.Collect$$libshutdown$$00000006)
    .ARM.Collect$$libshutdown$$00000009      0x080001ea   Section        0  libshutdown2.o(.ARM.Collect$$libshutdown$$00000009)
    .ARM.Collect$$libshutdown$$0000000B      0x080001ea   Section        0  libshutdown2.o(.ARM.Collect$$libshutdown$$0000000B)
    .ARM.Collect$$libshutdown$$0000000E      0x080001ea   Section        0  libshutdown2.o(.ARM.Collect$$libshutdown$$0000000E)
    .ARM.Collect$$libshutdown$$0000000F      0x080001ea   Section        2  libshutdown2.o(.ARM.Collect$$libshutdown$$0000000F)
    .ARM.Collect$$rtentry$$00000000          0x080001ec   Section        0  __rtentry.o(.ARM.Collect$$rtentry$$00000000)
    .ARM.Collect$$rtentry$$00000002          0x080001ec   Section        0  __rtentry2.o(.ARM.Collect$$rtentry$$00000002)
    .ARM.Collect$$rtentry$$00000004          0x080001ec   Section        6  __rtentry4.o(.ARM.Collect$$rtentry$$00000004)
    .ARM.Collect$$rtentry$$00000009          0x080001f2   Section        0  __rtentry2.o(.ARM.Collect$$rtentry$$00000009)
    .ARM.Collect$$rtentry$$0000000A          0x080001f2   Section        4  __rtentry2.o(.ARM.Collect$$rtentry$$0000000A)
    .ARM.Collect$$rtentry$$0000000C          0x080001f6   Section        0  __rtentry2.o(.ARM.Collect$$rtentry$$0000000C)
    .ARM.Collect$$rtentry$$0000000D          0x080001f6   Section        8  __rtentry2.o(.ARM.Collect$$rtentry$$0000000D)
    .ARM.Collect$$rtexit$$00000000           0x080001fe   Section        2  rtexit.o(.ARM.Collect$$rtexit$$00000000)
    .ARM.Collect$$rtexit$$00000002           0x08000200   Section        0  rtexit2.o(.ARM.Collect$$rtexit$$00000002)
    .ARM.Collect$$rtexit$$00000003           0x08000200   Section        4  rtexit2.o(.ARM.Collect$$rtexit$$00000003)
    .ARM.Collect$$rtexit$$00000004           0x08000204   Section        6  rtexit2.o(.ARM.Collect$$rtexit$$00000004)
    .text                                    0x0800020c   Section        0  main.o(.text)
    .text                                    0x080016f4   Section        0  stm32f10x_it.o(.text)
    .text                                    0x08001710   Section        0  system_stm32f10x.o(.text)
    SetSysClockTo72                          0x08001711   Thumb Code   214  system_stm32f10x.o(.text)
    SetSysClock                              0x080017e7   Thumb Code     8  system_stm32f10x.o(.text)
    .text                                    0x080018f0   Section        0  wkup.o(.text)
    .text                                    0x080019d8   Section        0  oled.o(.text)
    .text                                    0x08001fc8   Section        0  fdc2214.o(.text)
    .text                                    0x0800219c   Section        0  myiic.o(.text)
    .text                                    0x08002504   Section        0  beep.o(.text)
    .text                                    0x0800253c   Section        0  key.o(.text)
    .text                                    0x080026b4   Section        0  mytime.o(.text)
    .text                                    0x08002714   Section        0  flash.o(.text)
    .text                                    0x08002a5c   Section        0  spi.o(.text)
    .text                                    0x08002b3c   Section        0  delay.o(.text)
    .text                                    0x08002c10   Section        0  usart.o(.text)
    .text                                    0x08002d50   Section       64  startup_stm32f10x_hd.o(.text)
    .text                                    0x08002d90   Section        0  stm32f10x_gpio.o(.text)
    .text                                    0x080030ec   Section        0  stm32f10x_rcc.o(.text)
    .text                                    0x08003490   Section        0  stm32f10x_usart.o(.text)
    .text                                    0x08003898   Section        0  misc.o(.text)
    .text                                    0x08003974   Section        0  stm32f10x_pwr.o(.text)
    .text                                    0x08003a40   Section        0  stm32f10x_exti.o(.text)
    .text                                    0x08003b5c   Section        0  stm32f10x_tim.o(.text)
    TI4_Config                               0x08004003   Thumb Code   130  stm32f10x_tim.o(.text)
    TI3_Config                               0x08004097   Thumb Code   122  stm32f10x_tim.o(.text)
    TI2_Config                               0x0800412b   Thumb Code   130  stm32f10x_tim.o(.text)
    TI1_Config                               0x080041bf   Thumb Code   108  stm32f10x_tim.o(.text)
    .text                                    0x08004978   Section        0  stm32f10x_spi.o(.text)
    .text                                    0x08004c84   Section        2  use_no_semi_2.o(.text)
    .text                                    0x08004c86   Section        0  heapauxi.o(.text)
    .text                                    0x08004c8c   Section        2  use_no_semi.o(.text)
    .text                                    0x08004c8e   Section       74  sys_stackheap_outer.o(.text)
    .text                                    0x08004cd8   Section        0  exit.o(.text)
    .text                                    0x08004ce4   Section        8  libspace.o(.text)
    x$fpl$d2f                                0x08004cec   Section       98  d2f.o(x$fpl$d2f)
    x$fpl$dadd                               0x08004d50   Section      336  daddsub_clz.o(x$fpl$dadd)
    _dadd1                                   0x08004d61   Thumb Code     0  daddsub_clz.o(x$fpl$dadd)
    x$fpl$dcmpinf                            0x08004ea0   Section       24  dcmpi.o(x$fpl$dcmpinf)
    x$fpl$ddiv                               0x08004eb8   Section      688  ddiv.o(x$fpl$ddiv)
    ddiv_entry                               0x08004ebf   Thumb Code     0  ddiv.o(x$fpl$ddiv)
    x$fpl$dfix                               0x08005168   Section       94  dfix.o(x$fpl$dfix)
    x$fpl$dflt                               0x080051c6   Section       46  dflt_clz.o(x$fpl$dflt)
    x$fpl$dleqf                              0x080051f4   Section      120  dleqf.o(x$fpl$dleqf)
    x$fpl$dmul                               0x0800526c   Section      340  dmul.o(x$fpl$dmul)
    x$fpl$dnaninf                            0x080053c0   Section      156  dnaninf.o(x$fpl$dnaninf)
    x$fpl$dretinf                            0x0800545c   Section       12  dretinf.o(x$fpl$dretinf)
    x$fpl$drleqf                             0x08005468   Section      108  drleqf.o(x$fpl$drleqf)
    x$fpl$drsb                               0x080054d4   Section       22  daddsub_clz.o(x$fpl$drsb)
    x$fpl$dsub                               0x080054ec   Section      468  daddsub_clz.o(x$fpl$dsub)
    _dsub1                                   0x080054fd   Thumb Code     0  daddsub_clz.o(x$fpl$dsub)
    x$fpl$f2d                                0x080056c0   Section       86  f2d.o(x$fpl$f2d)
    x$fpl$fadd                               0x08005718   Section      196  faddsub_clz.o(x$fpl$fadd)
    _fadd1                                   0x08005727   Thumb Code     0  faddsub_clz.o(x$fpl$fadd)
    x$fpl$fcmpinf                            0x080057dc   Section       24  fcmpi.o(x$fpl$fcmpinf)
    x$fpl$fdiv                               0x080057f4   Section      388  fdiv.o(x$fpl$fdiv)
    _fdiv1                                   0x080057f5   Thumb Code     0  fdiv.o(x$fpl$fdiv)
    x$fpl$ffixu                              0x08005978   Section       62  ffixu.o(x$fpl$ffixu)
    x$fpl$ffltu                              0x080059b8   Section       38  fflt_clz.o(x$fpl$ffltu)
    x$fpl$fleqf                              0x080059e0   Section      104  fleqf.o(x$fpl$fleqf)
    x$fpl$fmul                               0x08005a48   Section      258  fmul.o(x$fpl$fmul)
    x$fpl$fnaninf                            0x08005b4a   Section      140  fnaninf.o(x$fpl$fnaninf)
    x$fpl$fretinf                            0x08005bd6   Section       10  fretinf.o(x$fpl$fretinf)
    x$fpl$fsub                               0x08005be0   Section      234  faddsub_clz.o(x$fpl$fsub)
    _fsub1                                   0x08005bef   Thumb Code     0  faddsub_clz.o(x$fpl$fsub)
    .constdata                               0x08005cca   Section     2072  oled.o(.constdata)
    x$fpl$usenofp                            0x08005cca   Section        0  usenofp.o(x$fpl$usenofp)
    .data                                    0x20000000   Section      416  main.o(.data)
    .data                                    0x200001a0   Section       20  system_stm32f10x.o(.data)
    .data                                    0x200001b4   Section     1536  oled.o(.data)
    .data                                    0x200007b4   Section        8  fdc2214.o(.data)
    .data                                    0x200007bc   Section        1  key.o(.data)
    key_up                                   0x200007bc   Data           1  key.o(.data)
    .data                                    0x200007be   Section        2  flash.o(.data)
    .data                                    0x200007c0   Section        4  delay.o(.data)
    fac_us                                   0x200007c0   Data           1  delay.o(.data)
    fac_ms                                   0x200007c2   Data           2  delay.o(.data)
    .data                                    0x200007c4   Section        6  usart.o(.data)
    .data                                    0x200007ca   Section       20  stm32f10x_rcc.o(.data)
    APBAHBPrescTable                         0x200007ca   Data          16  stm32f10x_rcc.o(.data)
    ADCPrescTable                            0x200007da   Data           4  stm32f10x_rcc.o(.data)
    .bss                                     0x200007e0   Section    26648  main.o(.bss)
    .bss                                     0x20006ff8   Section     4096  flash.o(.bss)
    .bss                                     0x20007ff8   Section       18  spi.o(.bss)
    .bss                                     0x2000800a   Section      200  usart.o(.bss)
    .bss                                     0x200080d4   Section       96  libspace.o(.bss)
    HEAP                                     0x20008138   Section      512  startup_stm32f10x_hd.o(HEAP)
    Heap_Mem                                 0x20008138   Data         512  startup_stm32f10x_hd.o(HEAP)
    STACK                                    0x20008338   Section     1024  startup_stm32f10x_hd.o(STACK)
    Stack_Mem                                0x20008338   Data        1024  startup_stm32f10x_hd.o(STACK)
    __initial_sp                             0x20008738   Data           0  startup_stm32f10x_hd.o(STACK)

    Global Symbols

    Symbol Name                              Value     Ov Type        Size  Object(Section)

    BuildAttributes$$THM_ISAv4$P$D$K$B$S$PE$A:L22UL41UL21$X:L11$S22US41US21$IEEE1$IW$USESV6$~STKCKD$USESV7$~SHL$OSPACE$ROPI$EBA8$UX$STANDARDLIB$REQ8$PRES8$EABIv2 0x00000000   Number         0  anon$$obj.o ABSOLUTE
    __ARM_use_no_argv                        0x00000000   Number         0  main.o ABSOLUTE
    __ARM_exceptions_init                     - Undefined Weak Reference
    __alloca_initialize                       - Undefined Weak Reference
    __arm_preinit_                            - Undefined Weak Reference
    __cpp_initialize__aeabi_                  - Undefined Weak Reference
    __cxa_finalize                            - Undefined Weak Reference
    __rt_locale                               - Undefined Weak Reference
    __sigvec_lookup                           - Undefined Weak Reference
    _atexit_init                              - Undefined Weak Reference
    _call_atexit_fns                          - Undefined Weak Reference
    _clock_init                               - Undefined Weak Reference
    _fp_trap_init                             - Undefined Weak Reference
    _fp_trap_shutdown                         - Undefined Weak Reference
    _get_lc_collate                           - Undefined Weak Reference
    _get_lc_ctype                             - Undefined Weak Reference
    _get_lc_monetary                          - Undefined Weak Reference
    _get_lc_numeric                           - Undefined Weak Reference
    _get_lc_time                              - Undefined Weak Reference
    _getenv_init                              - Undefined Weak Reference
    _handle_redirection                       - Undefined Weak Reference
    _init_alloc                               - Undefined Weak Reference
    _init_user_alloc                          - Undefined Weak Reference
    _initio                                   - Undefined Weak Reference
    _rand_init                                - Undefined Weak Reference
    _signal_finish                            - Undefined Weak Reference
    _signal_init                              - Undefined Weak Reference
    _terminate_alloc                          - Undefined Weak Reference
    _terminate_user_alloc                     - Undefined Weak Reference
    _terminateio                              - Undefined Weak Reference
    __Vectors_Size                           0x00000130   Number         0  startup_stm32f10x_hd.o ABSOLUTE
    __Vectors                                0x08000000   Data           4  startup_stm32f10x_hd.o(RESET)
    __Vectors_End                            0x08000130   Data           0  startup_stm32f10x_hd.o(RESET)
    __main                                   0x08000131   Thumb Code     8  __main.o(!!!main)
    __scatterload                            0x08000139   Thumb Code     0  __scatter.o(!!!scatter)
    __scatterload_rt2                        0x08000139   Thumb Code    44  __scatter.o(!!!scatter)
    __scatterload_rt2_thumb_only             0x08000139   Thumb Code     0  __scatter.o(!!!scatter)
    __scatterload_null                       0x08000147   Thumb Code     0  __scatter.o(!!!scatter)
    __decompress                             0x0800016d   Thumb Code    90  __dczerorl2.o(!!dczerorl2)
    __decompress1                            0x0800016d   Thumb Code     0  __dczerorl2.o(!!dczerorl2)
    __scatterload_zeroinit                   0x080001c9   Thumb Code    28  __scatter_zi.o(!!handler_zi)
    __rt_lib_init                            0x080001e5   Thumb Code     0  libinit.o(.ARM.Collect$$libinit$$00000000)
    __rt_lib_init_alloca_1                   0x080001e7   Thumb Code     0  libinit2.o(.ARM.Collect$$libinit$$0000002E)
    __rt_lib_init_argv_1                     0x080001e7   Thumb Code     0  libinit2.o(.ARM.Collect$$libinit$$0000002C)
    __rt_lib_init_atexit_1                   0x080001e7   Thumb Code     0  libinit2.o(.ARM.Collect$$libinit$$0000001B)
    __rt_lib_init_clock_1                    0x080001e7   Thumb Code     0  libinit2.o(.ARM.Collect$$libinit$$00000021)
    __rt_lib_init_cpp_1                      0x080001e7   Thumb Code     0  libinit2.o(.ARM.Collect$$libinit$$00000032)
    __rt_lib_init_exceptions_1               0x080001e7   Thumb Code     0  libinit2.o(.ARM.Collect$$libinit$$00000030)
    __rt_lib_init_fp_1                       0x080001e7   Thumb Code     0  libinit2.o(.ARM.Collect$$libinit$$00000002)
    __rt_lib_init_fp_trap_1                  0x080001e7   Thumb Code     0  libinit2.o(.ARM.Collect$$libinit$$0000001F)
    __rt_lib_init_getenv_1                   0x080001e7   Thumb Code     0  libinit2.o(.ARM.Collect$$libinit$$00000023)
    __rt_lib_init_heap_1                     0x080001e7   Thumb Code     0  libinit2.o(.ARM.Collect$$libinit$$0000000A)
    __rt_lib_init_lc_collate_1               0x080001e7   Thumb Code     0  libinit2.o(.ARM.Collect$$libinit$$00000011)
    __rt_lib_init_lc_ctype_1                 0x080001e7   Thumb Code     0  libinit2.o(.ARM.Collect$$libinit$$00000013)
    __rt_lib_init_lc_monetary_1              0x080001e7   Thumb Code     0  libinit2.o(.ARM.Collect$$libinit$$00000015)
    __rt_lib_init_lc_numeric_1               0x080001e7   Thumb Code     0  libinit2.o(.ARM.Collect$$libinit$$00000017)
    __rt_lib_init_lc_time_1                  0x080001e7   Thumb Code     0  libinit2.o(.ARM.Collect$$libinit$$00000019)
    __rt_lib_init_preinit_1                  0x080001e7   Thumb Code     0  libinit2.o(.ARM.Collect$$libinit$$00000004)
    __rt_lib_init_rand_1                     0x080001e7   Thumb Code     0  libinit2.o(.ARM.Collect$$libinit$$0000000E)
    __rt_lib_init_return                     0x080001e7   Thumb Code     0  libinit2.o(.ARM.Collect$$libinit$$00000033)
    __rt_lib_init_signal_1                   0x080001e7   Thumb Code     0  libinit2.o(.ARM.Collect$$libinit$$0000001D)
    __rt_lib_init_stdio_1                    0x080001e7   Thumb Code     0  libinit2.o(.ARM.Collect$$libinit$$00000025)
    __rt_lib_init_user_alloc_1               0x080001e7   Thumb Code     0  libinit2.o(.ARM.Collect$$libinit$$0000000C)
    __rt_lib_shutdown                        0x080001e9   Thumb Code     0  libshutdown.o(.ARM.Collect$$libshutdown$$00000000)
    __rt_lib_shutdown_fp_trap_1              0x080001eb   Thumb Code     0  libshutdown2.o(.ARM.Collect$$libshutdown$$00000006)
    __rt_lib_shutdown_heap_1                 0x080001eb   Thumb Code     0  libshutdown2.o(.ARM.Collect$$libshutdown$$0000000E)
    __rt_lib_shutdown_return                 0x080001eb   Thumb Code     0  libshutdown2.o(.ARM.Collect$$libshutdown$$0000000F)
    __rt_lib_shutdown_signal_1               0x080001eb   Thumb Code     0  libshutdown2.o(.ARM.Collect$$libshutdown$$00000009)
    __rt_lib_shutdown_stdio_1                0x080001eb   Thumb Code     0  libshutdown2.o(.ARM.Collect$$libshutdown$$00000003)
    __rt_lib_shutdown_user_alloc_1           0x080001eb   Thumb Code     0  libshutdown2.o(.ARM.Collect$$libshutdown$$0000000B)
    __rt_entry                               0x080001ed   Thumb Code     0  __rtentry.o(.ARM.Collect$$rtentry$$00000000)
    __rt_entry_presh_1                       0x080001ed   Thumb Code     0  __rtentry2.o(.ARM.Collect$$rtentry$$00000002)
    __rt_entry_sh                            0x080001ed   Thumb Code     0  __rtentry4.o(.ARM.Collect$$rtentry$$00000004)
    __rt_entry_li                            0x080001f3   Thumb Code     0  __rtentry2.o(.ARM.Collect$$rtentry$$0000000A)
    __rt_entry_postsh_1                      0x080001f3   Thumb Code     0  __rtentry2.o(.ARM.Collect$$rtentry$$00000009)
    __rt_entry_main                          0x080001f7   Thumb Code     0  __rtentry2.o(.ARM.Collect$$rtentry$$0000000D)
    __rt_entry_postli_1                      0x080001f7   Thumb Code     0  __rtentry2.o(.ARM.Collect$$rtentry$$0000000C)
    __rt_exit                                0x080001ff   Thumb Code     0  rtexit.o(.ARM.Collect$$rtexit$$00000000)
    __rt_exit_ls                             0x08000201   Thumb Code     0  rtexit2.o(.ARM.Collect$$rtexit$$00000003)
    __rt_exit_prels_1                        0x08000201   Thumb Code     0  rtexit2.o(.ARM.Collect$$rtexit$$00000002)
    __rt_exit_exit                           0x08000205   Thumb Code     0  rtexit2.o(.ARM.Collect$$rtexit$$00000004)
    arryans                                  0x0800020d   Thumb Code   636  main.o(.text)
    arrymuls                                 0x08000489   Thumb Code   106  main.o(.text)
    arrymul                                  0x080004f3   Thumb Code   154  main.o(.text)
    arrytrans                                0x0800058d   Thumb Code    60  main.o(.text)
    arrycon                                  0x080005c9   Thumb Code   118  main.o(.text)
    nihe                                     0x0800063f   Thumb Code    74  main.o(.text)
    arryans2                                 0x08000689   Thumb Code   636  main.o(.text)
    arrymuls2                                0x08000905   Thumb Code   106  main.o(.text)
    arrymul2                                 0x0800096f   Thumb Code   190  main.o(.text)
    arrytrans2                               0x08000a2d   Thumb Code    60  main.o(.text)
    arrycon2                                 0x08000a69   Thumb Code   118  main.o(.text)
    nihe2                                    0x08000adf   Thumb Code    74  main.o(.text)
    end_ping_jun                             0x08000b29   Thumb Code    40  main.o(.text)
    mao_pao_pai_xu                           0x08000b51   Thumb Code    74  main.o(.text)
    cap_num_hard_end                         0x08000b9b   Thumb Code    38  main.o(.text)
    mode_learn                               0x08000bc1   Thumb Code  1024  main.o(.text)
    check_paper_num                          0x08000fc1   Thumb Code   834  main.o(.text)
    mode_start                               0x08001303   Thumb Code   158  main.o(.text)
    end_zhong_zhi                            0x080013a1   Thumb Code    28  main.o(.text)
    mode_check                               0x080013bd   Thumb Code   302  main.o(.text)
    main                                     0x080014eb   Thumb Code   210  main.o(.text)
    TIM4_IRQHandler                          0x080015bd   Thumb Code   230  main.o(.text)
    NMI_Handler                              0x080016f5   Thumb Code     2  stm32f10x_it.o(.text)
    HardFault_Handler                        0x080016f7   Thumb Code     4  stm32f10x_it.o(.text)
    MemManage_Handler                        0x080016fb   Thumb Code     4  stm32f10x_it.o(.text)
    BusFault_Handler                         0x080016ff   Thumb Code     4  stm32f10x_it.o(.text)
    UsageFault_Handler                       0x08001703   Thumb Code     4  stm32f10x_it.o(.text)
    SVC_Handler                              0x08001707   Thumb Code     2  stm32f10x_it.o(.text)
    DebugMon_Handler                         0x08001709   Thumb Code     2  stm32f10x_it.o(.text)
    PendSV_Handler                           0x0800170b   Thumb Code     2  stm32f10x_it.o(.text)
    SysTick_Handler                          0x0800170d   Thumb Code     2  stm32f10x_it.o(.text)
    SystemInit                               0x080017ef   Thumb Code    78  system_stm32f10x.o(.text)
    SystemCoreClockUpdate                    0x0800183d   Thumb Code   142  system_stm32f10x.o(.text)
    Sys_Standby                              0x080018f1   Thumb Code    22  wkup.o(.text)
    Sys_Enter_Standby                        0x08001907   Thumb Code    18  wkup.o(.text)
    Check_WKUP                               0x08001919   Thumb Code    56  wkup.o(.text)
    EXTI0_IRQHandler                         0x08001951   Thumb Code    20  wkup.o(.text)
    WKUP_Init                                0x08001965   Thumb Code   106  wkup.o(.text)
    OLEDIIC_Start                            0x080019d9   Thumb Code    44  oled.o(.text)
    OLEDIIC_Stop                             0x08001a05   Thumb Code    34  oled.o(.text)
    OLEDIIC_Wait_Ack                         0x08001a27   Thumb Code    24  oled.o(.text)
    OLEDWrite_IIC_Byte                       0x08001a3f   Thumb Code    88  oled.o(.text)
    Write_IIC_Command                        0x08001a97   Thumb Code    44  oled.o(.text)
    OLEDWrite_IIC_Data                       0x08001ac3   Thumb Code    44  oled.o(.text)
    OLED_WR_Byte                             0x08001aef   Thumb Code    24  oled.o(.text)
    fill_picture                             0x08001b07   Thumb Code    64  oled.o(.text)
    Delay_50ms                               0x08001b47   Thumb Code    22  oled.o(.text)
    Delay_1ms                                0x08001b5d   Thumb Code    26  oled.o(.text)
    OLED_Set_Pos                             0x08001b77   Thumb Code    40  oled.o(.text)
    OLED_Display_On                          0x08001b9f   Thumb Code    28  oled.o(.text)
    OLED_Display_Off                         0x08001bbb   Thumb Code    28  oled.o(.text)
    OLED_Clear                               0x08001bd7   Thumb Code    62  oled.o(.text)
    OLED_On                                  0x08001c15   Thumb Code    62  oled.o(.text)
    OLED_ShowChar                            0x08001c53   Thumb Code   154  oled.o(.text)
    oled_pow                                 0x08001ced   Thumb Code    22  oled.o(.text)
    OLED_ShowNum                             0x08001d03   Thumb Code   136  oled.o(.text)
    OLED_ShowString                          0x08001d8b   Thumb Code    70  oled.o(.text)
    OLED_ShowCHinese                         0x08001dd1   Thumb Code    98  oled.o(.text)
    OLED_DrawBMP                             0x08001e33   Thumb Code   118  oled.o(.text)
    OLED_Init                                0x08001ea9   Thumb Code   278  oled.o(.text)
    FDC2214_read_CHx                         0x08001fc9   Thumb Code   214  fdc2214.o(.text)
    FDC2214_Init                             0x0800209f   Thumb Code   216  fdc2214.o(.text)
    IIC_Init                                 0x0800219d   Thumb Code    96  myiic.o(.text)
    IIC_Start                                0x080021fd   Thumb Code    78  myiic.o(.text)
    IIC_Stop                                 0x0800224b   Thumb Code    66  myiic.o(.text)
    IIC_Wait_Ack                             0x0800228d   Thumb Code    94  myiic.o(.text)
    IIC_Ack                                  0x080022eb   Thumb Code    70  myiic.o(.text)
    IIC_NAck                                 0x08002331   Thumb Code    70  myiic.o(.text)
    IIC_Send_Byte                            0x08002377   Thumb Code    94  myiic.o(.text)
    IIC_Read_Byte                            0x080023d5   Thumb Code   108  myiic.o(.text)
    FDC_write_16bit                          0x08002441   Thumb Code    82  myiic.o(.text)
    FDC_read_16bit                           0x08002493   Thumb Code    96  myiic.o(.text)
    BEEP_Init                                0x08002505   Thumb Code    50  beep.o(.text)
    KEY_Init                                 0x0800253d   Thumb Code   126  key.o(.text)
    KEY_Scan                                 0x080025bb   Thumb Code   228  key.o(.text)
    Time_Init                                0x080026b5   Thumb Code    90  mytime.o(.text)
    SPI_Flash_ReadID                         0x08002715   Thumb Code    64  flash.o(.text)
    SPI_Flash_Init                           0x08002755   Thumb Code    64  flash.o(.text)
    SPI_Flash_ReadSR                         0x08002795   Thumb Code    36  flash.o(.text)
    SPI_FLASH_Write_SR                       0x080027b9   Thumb Code    32  flash.o(.text)
    SPI_FLASH_Write_Enable                   0x080027d9   Thumb Code    24  flash.o(.text)
    SPI_FLASH_Write_Disable                  0x080027f1   Thumb Code    24  flash.o(.text)
    SPI_Flash_Read                           0x08002809   Thumb Code    74  flash.o(.text)
    SPI_Flash_Wait_Busy                      0x08002853   Thumb Code    18  flash.o(.text)
    SPI_Flash_Write_Page                     0x08002865   Thumb Code    80  flash.o(.text)
    SPI_Flash_Write_NoCheck                  0x080028b5   Thumb Code    70  flash.o(.text)
    SPI_Flash_Erase_Sector                   0x080028fb   Thumb Code    62  flash.o(.text)
    SPI_Flash_Write                          0x08002939   Thumb Code   176  flash.o(.text)
    SPI_Flash_Erase_Chip                     0x080029e9   Thumb Code    36  flash.o(.text)
    SPI_Flash_PowerDown                      0x08002a0d   Thumb Code    30  flash.o(.text)
    SPI_Flash_WAKEUP                         0x08002a2b   Thumb Code    30  flash.o(.text)
    SPI1_ReadWriteByte                       0x08002a5d   Thumb Code    78  spi.o(.text)
    SPI1_Init                                0x08002aab   Thumb Code   108  spi.o(.text)
    SPI1_SetSpeed                            0x08002b17   Thumb Code    26  spi.o(.text)
    delay_init                               0x08002b3d   Thumb Code    50  delay.o(.text)
    delay_us                                 0x08002b6f   Thumb Code    72  delay.o(.text)
    delay_ms                                 0x08002bb7   Thumb Code    72  delay.o(.text)
    _sys_exit                                0x08002c11   Thumb Code     6  usart.o(.text)
    fputc                                    0x08002c17   Thumb Code    24  usart.o(.text)
    uart_init                                0x08002c2f   Thumb Code   152  usart.o(.text)
    USART1_IRQHandler                        0x08002cc7   Thumb Code   122  usart.o(.text)
    Reset_Handler                            0x08002d51   Thumb Code     8  startup_stm32f10x_hd.o(.text)
    ADC1_2_IRQHandler                        0x08002d6b   Thumb Code     0  startup_stm32f10x_hd.o(.text)
    ADC3_IRQHandler                          0x08002d6b   Thumb Code     0  startup_stm32f10x_hd.o(.text)
    CAN1_RX1_IRQHandler                      0x08002d6b   Thumb Code     0  startup_stm32f10x_hd.o(.text)
    CAN1_SCE_IRQHandler                      0x08002d6b   Thumb Code     0  startup_stm32f10x_hd.o(.text)
    DMA1_Channel1_IRQHandler                 0x08002d6b   Thumb Code     0  startup_stm32f10x_hd.o(.text)
    DMA1_Channel2_IRQHandler                 0x08002d6b   Thumb Code     0  startup_stm32f10x_hd.o(.text)
    DMA1_Channel3_IRQHandler                 0x08002d6b   Thumb Code     0  startup_stm32f10x_hd.o(.text)
    DMA1_Channel4_IRQHandler                 0x08002d6b   Thumb Code     0  startup_stm32f10x_hd.o(.text)
    DMA1_Channel5_IRQHandler                 0x08002d6b   Thumb Code     0  startup_stm32f10x_hd.o(.text)
    DMA1_Channel6_IRQHandler                 0x08002d6b   Thumb Code     0  startup_stm32f10x_hd.o(.text)
    DMA1_Channel7_IRQHandler                 0x08002d6b   Thumb Code     0  startup_stm32f10x_hd.o(.text)
    DMA2_Channel1_IRQHandler                 0x08002d6b   Thumb Code     0  startup_stm32f10x_hd.o(.text)
    DMA2_Channel2_IRQHandler                 0x08002d6b   Thumb Code     0  startup_stm32f10x_hd.o(.text)
    DMA2_Channel3_IRQHandler                 0x08002d6b   Thumb Code     0  startup_stm32f10x_hd.o(.text)
    DMA2_Channel4_5_IRQHandler               0x08002d6b   Thumb Code     0  startup_stm32f10x_hd.o(.text)
    EXTI15_10_IRQHandler                     0x08002d6b   Thumb Code     0  startup_stm32f10x_hd.o(.text)
    EXTI1_IRQHandler                         0x08002d6b   Thumb Code     0  startup_stm32f10x_hd.o(.text)
    EXTI2_IRQHandler                         0x08002d6b   Thumb Code     0  startup_stm32f10x_hd.o(.text)
    EXTI3_IRQHandler                         0x08002d6b   Thumb Code     0  startup_stm32f10x_hd.o(.text)
    EXTI4_IRQHandler                         0x08002d6b   Thumb Code     0  startup_stm32f10x_hd.o(.text)
    EXTI9_5_IRQHandler                       0x08002d6b   Thumb Code     0  startup_stm32f10x_hd.o(.text)
    FLASH_IRQHandler                         0x08002d6b   Thumb Code     0  startup_stm32f10x_hd.o(.text)
    FSMC_IRQHandler                          0x08002d6b   Thumb Code     0  startup_stm32f10x_hd.o(.text)
    I2C1_ER_IRQHandler                       0x08002d6b   Thumb Code     0  startup_stm32f10x_hd.o(.text)
    I2C1_EV_IRQHandler                       0x08002d6b   Thumb Code     0  startup_stm32f10x_hd.o(.text)
    I2C2_ER_IRQHandler                       0x08002d6b   Thumb Code     0  startup_stm32f10x_hd.o(.text)
    I2C2_EV_IRQHandler                       0x08002d6b   Thumb Code     0  startup_stm32f10x_hd.o(.text)
    PVD_IRQHandler                           0x08002d6b   Thumb Code     0  startup_stm32f10x_hd.o(.text)
    RCC_IRQHandler                           0x08002d6b   Thumb Code     0  startup_stm32f10x_hd.o(.text)
    RTCAlarm_IRQHandler                      0x08002d6b   Thumb Code     0  startup_stm32f10x_hd.o(.text)
    RTC_IRQHandler                           0x08002d6b   Thumb Code     0  startup_stm32f10x_hd.o(.text)
    SDIO_IRQHandler                          0x08002d6b   Thumb Code     0  startup_stm32f10x_hd.o(.text)
    SPI1_IRQHandler                          0x08002d6b   Thumb Code     0  startup_stm32f10x_hd.o(.text)
    SPI2_IRQHandler                          0x08002d6b   Thumb Code     0  startup_stm32f10x_hd.o(.text)
    SPI3_IRQHandler                          0x08002d6b   Thumb Code     0  startup_stm32f10x_hd.o(.text)
    TAMPER_IRQHandler                        0x08002d6b   Thumb Code     0  startup_stm32f10x_hd.o(.text)
    TIM1_BRK_IRQHandler                      0x08002d6b   Thumb Code     0  startup_stm32f10x_hd.o(.text)
    TIM1_CC_IRQHandler                       0x08002d6b   Thumb Code     0  startup_stm32f10x_hd.o(.text)
    TIM1_TRG_COM_IRQHandler                  0x08002d6b   Thumb Code     0  startup_stm32f10x_hd.o(.text)
    TIM1_UP_IRQHandler                       0x08002d6b   Thumb Code     0  startup_stm32f10x_hd.o(.text)
    TIM2_IRQHandler                          0x08002d6b   Thumb Code     0  startup_stm32f10x_hd.o(.text)
    TIM3_IRQHandler                          0x08002d6b   Thumb Code     0  startup_stm32f10x_hd.o(.text)
    TIM5_IRQHandler                          0x08002d6b   Thumb Code     0  startup_stm32f10x_hd.o(.text)
    TIM6_IRQHandler                          0x08002d6b   Thumb Code     0  startup_stm32f10x_hd.o(.text)
    TIM7_IRQHandler                          0x08002d6b   Thumb Code     0  startup_stm32f10x_hd.o(.text)
    TIM8_BRK_IRQHandler                      0x08002d6b   Thumb Code     0  startup_stm32f10x_hd.o(.text)
    TIM8_CC_IRQHandler                       0x08002d6b   Thumb Code     0  startup_stm32f10x_hd.o(.text)
    TIM8_TRG_COM_IRQHandler                  0x08002d6b   Thumb Code     0  startup_stm32f10x_hd.o(.text)
    TIM8_UP_IRQHandler                       0x08002d6b   Thumb Code     0  startup_stm32f10x_hd.o(.text)
    UART4_IRQHandler                         0x08002d6b   Thumb Code     0  startup_stm32f10x_hd.o(.text)
    UART5_IRQHandler                         0x08002d6b   Thumb Code     0  startup_stm32f10x_hd.o(.text)
    USART2_IRQHandler                        0x08002d6b   Thumb Code     0  startup_stm32f10x_hd.o(.text)
    USART3_IRQHandler                        0x08002d6b   Thumb Code     0  startup_stm32f10x_hd.o(.text)
    USBWakeUp_IRQHandler                     0x08002d6b   Thumb Code     0  startup_stm32f10x_hd.o(.text)
    USB_HP_CAN1_TX_IRQHandler                0x08002d6b   Thumb Code     0  startup_stm32f10x_hd.o(.text)
    USB_LP_CAN1_RX0_IRQHandler               0x08002d6b   Thumb Code     0  startup_stm32f10x_hd.o(.text)
    WWDG_IRQHandler                          0x08002d6b   Thumb Code     0  startup_stm32f10x_hd.o(.text)
    __user_initial_stackheap                 0x08002d6d   Thumb Code     0  startup_stm32f10x_hd.o(.text)
    GPIO_DeInit                              0x08002d91   Thumb Code   172  stm32f10x_gpio.o(.text)
    GPIO_AFIODeInit                          0x08002e3d   Thumb Code    20  stm32f10x_gpio.o(.text)
    GPIO_Init                                0x08002e51   Thumb Code   278  stm32f10x_gpio.o(.text)
    GPIO_StructInit                          0x08002f67   Thumb Code    16  stm32f10x_gpio.o(.text)
    GPIO_ReadInputDataBit                    0x08002f77   Thumb Code    18  stm32f10x_gpio.o(.text)
    GPIO_ReadInputData                       0x08002f89   Thumb Code     8  stm32f10x_gpio.o(.text)
    GPIO_ReadOutputDataBit                   0x08002f91   Thumb Code    18  stm32f10x_gpio.o(.text)
    GPIO_ReadOutputData                      0x08002fa3   Thumb Code     8  stm32f10x_gpio.o(.text)
    GPIO_SetBits                             0x08002fab   Thumb Code     4  stm32f10x_gpio.o(.text)
    GPIO_ResetBits                           0x08002faf   Thumb Code     4  stm32f10x_gpio.o(.text)
    GPIO_WriteBit                            0x08002fb3   Thumb Code    10  stm32f10x_gpio.o(.text)
    GPIO_Write                               0x08002fbd   Thumb Code     4  stm32f10x_gpio.o(.text)
    GPIO_PinLockConfig                       0x08002fc1   Thumb Code    18  stm32f10x_gpio.o(.text)
    GPIO_EventOutputConfig                   0x08002fd3   Thumb Code    26  stm32f10x_gpio.o(.text)
    GPIO_EventOutputCmd                      0x08002fed   Thumb Code     6  stm32f10x_gpio.o(.text)
    GPIO_PinRemapConfig                      0x08002ff3   Thumb Code   138  stm32f10x_gpio.o(.text)
    GPIO_EXTILineConfig                      0x0800307d   Thumb Code    66  stm32f10x_gpio.o(.text)
    GPIO_ETH_MediaInterfaceConfig            0x080030bf   Thumb Code     8  stm32f10x_gpio.o(.text)
    RCC_DeInit                               0x080030ed   Thumb Code    64  stm32f10x_rcc.o(.text)
    RCC_HSEConfig                            0x0800312d   Thumb Code    70  stm32f10x_rcc.o(.text)
    RCC_GetFlagStatus                        0x08003173   Thumb Code    56  stm32f10x_rcc.o(.text)
    RCC_WaitForHSEStartUp                    0x080031ab   Thumb Code    56  stm32f10x_rcc.o(.text)
    RCC_AdjustHSICalibrationValue            0x080031e3   Thumb Code    20  stm32f10x_rcc.o(.text)
    RCC_HSICmd                               0x080031f7   Thumb Code     6  stm32f10x_rcc.o(.text)
    RCC_PLLConfig                            0x080031fd   Thumb Code    24  stm32f10x_rcc.o(.text)
    RCC_PLLCmd                               0x08003215   Thumb Code     6  stm32f10x_rcc.o(.text)
    RCC_SYSCLKConfig                         0x0800321b   Thumb Code    18  stm32f10x_rcc.o(.text)
    RCC_GetSYSCLKSource                      0x0800322d   Thumb Code    10  stm32f10x_rcc.o(.text)
    RCC_HCLKConfig                           0x08003237   Thumb Code    18  stm32f10x_rcc.o(.text)
    RCC_PCLK1Config                          0x08003249   Thumb Code    18  stm32f10x_rcc.o(.text)
    RCC_PCLK2Config                          0x0800325b   Thumb Code    20  stm32f10x_rcc.o(.text)
    RCC_ITConfig                             0x0800326f   Thumb Code    26  stm32f10x_rcc.o(.text)
    RCC_USBCLKConfig                         0x08003289   Thumb Code     8  stm32f10x_rcc.o(.text)
    RCC_ADCCLKConfig                         0x08003291   Thumb Code    18  stm32f10x_rcc.o(.text)
    RCC_LSEConfig                            0x080032a3   Thumb Code    50  stm32f10x_rcc.o(.text)
    RCC_LSICmd                               0x080032d5   Thumb Code     6  stm32f10x_rcc.o(.text)
    RCC_RTCCLKConfig                         0x080032db   Thumb Code    12  stm32f10x_rcc.o(.text)
    RCC_RTCCLKCmd                            0x080032e7   Thumb Code     8  stm32f10x_rcc.o(.text)
    RCC_GetClocksFreq                        0x080032ef   Thumb Code   192  stm32f10x_rcc.o(.text)
    RCC_AHBPeriphClockCmd                    0x080033af   Thumb Code    26  stm32f10x_rcc.o(.text)
    RCC_APB2PeriphClockCmd                   0x080033c9   Thumb Code    26  stm32f10x_rcc.o(.text)
    RCC_APB1PeriphClockCmd                   0x080033e3   Thumb Code    26  stm32f10x_rcc.o(.text)
    RCC_APB2PeriphResetCmd                   0x080033fd   Thumb Code    26  stm32f10x_rcc.o(.text)
    RCC_APB1PeriphResetCmd                   0x08003417   Thumb Code    26  stm32f10x_rcc.o(.text)
    RCC_BackupResetCmd                       0x08003431   Thumb Code     8  stm32f10x_rcc.o(.text)
    RCC_ClockSecuritySystemCmd               0x08003439   Thumb Code     6  stm32f10x_rcc.o(.text)
    RCC_MCOConfig                            0x0800343f   Thumb Code     6  stm32f10x_rcc.o(.text)
    RCC_ClearFlag                            0x08003445   Thumb Code    14  stm32f10x_rcc.o(.text)
    RCC_GetITStatus                          0x08003453   Thumb Code    20  stm32f10x_rcc.o(.text)
    RCC_ClearITPendingBit                    0x08003467   Thumb Code     6  stm32f10x_rcc.o(.text)
    USART_DeInit                             0x08003491   Thumb Code   134  stm32f10x_usart.o(.text)
    USART_Init                               0x08003517   Thumb Code   210  stm32f10x_usart.o(.text)
    USART_StructInit                         0x080035e9   Thumb Code    24  stm32f10x_usart.o(.text)
    USART_ClockInit                          0x08003601   Thumb Code    34  stm32f10x_usart.o(.text)
    USART_ClockStructInit                    0x08003623   Thumb Code    12  stm32f10x_usart.o(.text)
    USART_Cmd                                0x0800362f   Thumb Code    24  stm32f10x_usart.o(.text)
    USART_ITConfig                           0x08003647   Thumb Code    74  stm32f10x_usart.o(.text)
    USART_DMACmd                             0x08003691   Thumb Code    18  stm32f10x_usart.o(.text)
    USART_SetAddress                         0x080036a3   Thumb Code    18  stm32f10x_usart.o(.text)
    USART_WakeUpConfig                       0x080036b5   Thumb Code    18  stm32f10x_usart.o(.text)
    USART_ReceiverWakeUpCmd                  0x080036c7   Thumb Code    24  stm32f10x_usart.o(.text)
    USART_LINBreakDetectLengthConfig         0x080036df   Thumb Code    18  stm32f10x_usart.o(.text)
    USART_LINCmd                             0x080036f1   Thumb Code    24  stm32f10x_usart.o(.text)
    USART_SendData                           0x08003709   Thumb Code     8  stm32f10x_usart.o(.text)
    USART_ReceiveData                        0x08003711   Thumb Code    10  stm32f10x_usart.o(.text)
    USART_SendBreak                          0x0800371b   Thumb Code    10  stm32f10x_usart.o(.text)
    USART_SetGuardTime                       0x08003725   Thumb Code    16  stm32f10x_usart.o(.text)
    USART_SetPrescaler                       0x08003735   Thumb Code    16  stm32f10x_usart.o(.text)
    USART_SmartCardCmd                       0x08003745   Thumb Code    24  stm32f10x_usart.o(.text)
    USART_SmartCardNACKCmd                   0x0800375d   Thumb Code    24  stm32f10x_usart.o(.text)
    USART_HalfDuplexCmd                      0x08003775   Thumb Code    24  stm32f10x_usart.o(.text)
    USART_OverSampling8Cmd                   0x0800378d   Thumb Code    22  stm32f10x_usart.o(.text)
    USART_OneBitMethodCmd                    0x080037a3   Thumb Code    24  stm32f10x_usart.o(.text)
    USART_IrDAConfig                         0x080037bb   Thumb Code    18  stm32f10x_usart.o(.text)
    USART_IrDACmd                            0x080037cd   Thumb Code    24  stm32f10x_usart.o(.text)
    USART_GetFlagStatus                      0x080037e5   Thumb Code    26  stm32f10x_usart.o(.text)
    USART_ClearFlag                          0x080037ff   Thumb Code    18  stm32f10x_usart.o(.text)
    USART_GetITStatus                        0x08003811   Thumb Code    84  stm32f10x_usart.o(.text)
    USART_ClearITPendingBit                  0x08003865   Thumb Code    52  stm32f10x_usart.o(.text)
    NVIC_PriorityGroupConfig                 0x08003899   Thumb Code    10  misc.o(.text)
    NVIC_Init                                0x080038a3   Thumb Code   100  misc.o(.text)
    NVIC_SetVectorTable                      0x08003907   Thumb Code    14  misc.o(.text)
    NVIC_SystemLPConfig                      0x08003915   Thumb Code    34  misc.o(.text)
    SysTick_CLKSourceConfig                  0x08003937   Thumb Code    40  misc.o(.text)
    PWR_DeInit                               0x08003975   Thumb Code    22  stm32f10x_pwr.o(.text)
    PWR_BackupAccessCmd                      0x0800398b   Thumb Code     6  stm32f10x_pwr.o(.text)
    PWR_PVDCmd                               0x08003991   Thumb Code     6  stm32f10x_pwr.o(.text)
    PWR_PVDLevelConfig                       0x08003997   Thumb Code    18  stm32f10x_pwr.o(.text)
    PWR_WakeUpPinCmd                         0x080039a9   Thumb Code     8  stm32f10x_pwr.o(.text)
    PWR_EnterSTOPMode                        0x080039b1   Thumb Code    54  stm32f10x_pwr.o(.text)
    PWR_EnterSTANDBYMode                     0x080039e7   Thumb Code    42  stm32f10x_pwr.o(.text)
    PWR_GetFlagStatus                        0x08003a11   Thumb Code    20  stm32f10x_pwr.o(.text)
    PWR_ClearFlag                            0x08003a25   Thumb Code    14  stm32f10x_pwr.o(.text)
    EXTI_DeInit                              0x08003a41   Thumb Code    28  stm32f10x_exti.o(.text)
    EXTI_Init                                0x08003a5d   Thumb Code   142  stm32f10x_exti.o(.text)
    EXTI_StructInit                          0x08003aeb   Thumb Code    16  stm32f10x_exti.o(.text)
    EXTI_GenerateSWInterrupt                 0x08003afb   Thumb Code    16  stm32f10x_exti.o(.text)
    EXTI_GetFlagStatus                       0x08003b0b   Thumb Code    22  stm32f10x_exti.o(.text)
    EXTI_ClearFlag                           0x08003b21   Thumb Code     8  stm32f10x_exti.o(.text)
    EXTI_GetITStatus                         0x08003b29   Thumb Code    34  stm32f10x_exti.o(.text)
    EXTI_ClearITPendingBit                   0x08003b4b   Thumb Code     8  stm32f10x_exti.o(.text)
    TIM_DeInit                               0x08003b5d   Thumb Code   424  stm32f10x_tim.o(.text)
    TIM_TimeBaseInit                         0x08003d05   Thumb Code   122  stm32f10x_tim.o(.text)
    TIM_OC1Init                              0x08003d7f   Thumb Code   132  stm32f10x_tim.o(.text)
    TIM_OC2Init                              0x08003e03   Thumb Code   154  stm32f10x_tim.o(.text)
    TIM_OC3Init                              0x08003e9d   Thumb Code   150  stm32f10x_tim.o(.text)
    TIM_OC4Init                              0x08003f33   Thumb Code   182  stm32f10x_tim.o(.text)
    TIM_SetIC4Prescaler                      0x08003fe9   Thumb Code    26  stm32f10x_tim.o(.text)
    TIM_SetIC3Prescaler                      0x08004085   Thumb Code    18  stm32f10x_tim.o(.text)
    TIM_SetIC2Prescaler                      0x08004111   Thumb Code    26  stm32f10x_tim.o(.text)
    TIM_SetIC1Prescaler                      0x080041ad   Thumb Code    18  stm32f10x_tim.o(.text)
    TIM_ICInit                               0x0800422b   Thumb Code   150  stm32f10x_tim.o(.text)
    TIM_PWMIConfig                           0x080042c1   Thumb Code   124  stm32f10x_tim.o(.text)
    TIM_BDTRConfig                           0x0800433d   Thumb Code    32  stm32f10x_tim.o(.text)
    TIM_TimeBaseStructInit                   0x0800435d   Thumb Code    18  stm32f10x_tim.o(.text)
    TIM_OCStructInit                         0x0800436f   Thumb Code    20  stm32f10x_tim.o(.text)
    TIM_ICStructInit                         0x08004383   Thumb Code    18  stm32f10x_tim.o(.text)
    TIM_BDTRStructInit                       0x08004395   Thumb Code    40  stm32f10x_tim.o(.text)
    TIM_Cmd                                  0x080043bd   Thumb Code    24  stm32f10x_tim.o(.text)
    TIM_CtrlPWMOutputs                       0x080043d5   Thumb Code    30  stm32f10x_tim.o(.text)
    TIM_ITConfig                             0x080043f3   Thumb Code    18  stm32f10x_tim.o(.text)
    TIM_GenerateEvent                        0x08004405   Thumb Code     4  stm32f10x_tim.o(.text)
    TIM_DMAConfig                            0x08004409   Thumb Code    10  stm32f10x_tim.o(.text)
    TIM_DMACmd                               0x08004413   Thumb Code    18  stm32f10x_tim.o(.text)
    TIM_InternalClockConfig                  0x08004425   Thumb Code    12  stm32f10x_tim.o(.text)
    TIM_SelectInputTrigger                   0x08004431   Thumb Code    18  stm32f10x_tim.o(.text)
    TIM_ITRxExternalClockConfig              0x08004443   Thumb Code    24  stm32f10x_tim.o(.text)
    TIM_TIxExternalClockConfig               0x0800445b   Thumb Code    62  stm32f10x_tim.o(.text)
    TIM_ETRConfig                            0x08004499   Thumb Code    28  stm32f10x_tim.o(.text)
    TIM_ETRClockMode1Config                  0x080044b5   Thumb Code    54  stm32f10x_tim.o(.text)
    TIM_ETRClockMode2Config                  0x080044eb   Thumb Code    32  stm32f10x_tim.o(.text)
    TIM_PrescalerConfig                      0x0800450b   Thumb Code     6  stm32f10x_tim.o(.text)
    TIM_CounterModeConfig                    0x08004511   Thumb Code    18  stm32f10x_tim.o(.text)
    TIM_EncoderInterfaceConfig               0x08004523   Thumb Code    66  stm32f10x_tim.o(.text)
    TIM_ForcedOC1Config                      0x08004565   Thumb Code    18  stm32f10x_tim.o(.text)
    TIM_ForcedOC2Config                      0x08004577   Thumb Code    26  stm32f10x_tim.o(.text)
    TIM_ForcedOC3Config                      0x08004591   Thumb Code    18  stm32f10x_tim.o(.text)
    TIM_ForcedOC4Config                      0x080045a3   Thumb Code    26  stm32f10x_tim.o(.text)
    TIM_ARRPreloadConfig                     0x080045bd   Thumb Code    24  stm32f10x_tim.o(.text)
    TIM_SelectCOM                            0x080045d5   Thumb Code    24  stm32f10x_tim.o(.text)
    TIM_SelectCCDMA                          0x080045ed   Thumb Code    24  stm32f10x_tim.o(.text)
    TIM_CCPreloadControl                     0x08004605   Thumb Code    24  stm32f10x_tim.o(.text)
    TIM_OC1PreloadConfig                     0x0800461d   Thumb Code    18  stm32f10x_tim.o(.text)
    TIM_OC2PreloadConfig                     0x0800462f   Thumb Code    26  stm32f10x_tim.o(.text)
    TIM_OC3PreloadConfig                     0x08004649   Thumb Code    18  stm32f10x_tim.o(.text)
    TIM_OC4PreloadConfig                     0x0800465b   Thumb Code    26  stm32f10x_tim.o(.text)
    TIM_OC1FastConfig                        0x08004675   Thumb Code    18  stm32f10x_tim.o(.text)
    TIM_OC2FastConfig                        0x08004687   Thumb Code    26  stm32f10x_tim.o(.text)
    TIM_OC3FastConfig                        0x080046a1   Thumb Code    18  stm32f10x_tim.o(.text)
    TIM_OC4FastConfig                        0x080046b3   Thumb Code    26  stm32f10x_tim.o(.text)
    TIM_ClearOC1Ref                          0x080046cd   Thumb Code    18  stm32f10x_tim.o(.text)
    TIM_ClearOC2Ref                          0x080046df   Thumb Code    24  stm32f10x_tim.o(.text)
    TIM_ClearOC3Ref                          0x080046f7   Thumb Code    18  stm32f10x_tim.o(.text)
    TIM_ClearOC4Ref                          0x08004709   Thumb Code    24  stm32f10x_tim.o(.text)
    TIM_OC1PolarityConfig                    0x08004721   Thumb Code    18  stm32f10x_tim.o(.text)
    TIM_OC1NPolarityConfig                   0x08004733   Thumb Code    18  stm32f10x_tim.o(.text)
    TIM_OC2PolarityConfig                    0x08004745   Thumb Code    26  stm32f10x_tim.o(.text)
    TIM_OC2NPolarityConfig                   0x0800475f   Thumb Code    26  stm32f10x_tim.o(.text)
    TIM_OC3PolarityConfig                    0x08004779   Thumb Code    26  stm32f10x_tim.o(.text)
    TIM_OC3NPolarityConfig                   0x08004793   Thumb Code    26  stm32f10x_tim.o(.text)
    TIM_OC4PolarityConfig                    0x080047ad   Thumb Code    26  stm32f10x_tim.o(.text)
    TIM_CCxCmd                               0x080047c7   Thumb Code    30  stm32f10x_tim.o(.text)
    TIM_CCxNCmd                              0x080047e5   Thumb Code    30  stm32f10x_tim.o(.text)
    TIM_SelectOCxM                           0x08004803   Thumb Code    82  stm32f10x_tim.o(.text)
    TIM_UpdateDisableConfig                  0x08004855   Thumb Code    24  stm32f10x_tim.o(.text)
    TIM_UpdateRequestConfig                  0x0800486d   Thumb Code    24  stm32f10x_tim.o(.text)
    TIM_SelectHallSensor                     0x08004885   Thumb Code    24  stm32f10x_tim.o(.text)
    TIM_SelectOnePulseMode                   0x0800489d   Thumb Code    18  stm32f10x_tim.o(.text)
    TIM_SelectOutputTrigger                  0x080048af   Thumb Code    18  stm32f10x_tim.o(.text)
    TIM_SelectSlaveMode                      0x080048c1   Thumb Code    18  stm32f10x_tim.o(.text)
    TIM_SelectMasterSlaveMode                0x080048d3   Thumb Code    18  stm32f10x_tim.o(.text)
    TIM_SetCounter                           0x080048e5   Thumb Code     4  stm32f10x_tim.o(.text)
    TIM_SetAutoreload                        0x080048e9   Thumb Code     4  stm32f10x_tim.o(.text)
    TIM_SetCompare1                          0x080048ed   Thumb Code     4  stm32f10x_tim.o(.text)
    TIM_SetCompare2                          0x080048f1   Thumb Code     4  stm32f10x_tim.o(.text)
    TIM_SetCompare3                          0x080048f5   Thumb Code     4  stm32f10x_tim.o(.text)
    TIM_SetCompare4                          0x080048f9   Thumb Code     6  stm32f10x_tim.o(.text)
    TIM_SetClockDivision                     0x080048ff   Thumb Code    18  stm32f10x_tim.o(.text)
    TIM_GetCapture1                          0x08004911   Thumb Code     6  stm32f10x_tim.o(.text)
    TIM_GetCapture2                          0x08004917   Thumb Code     6  stm32f10x_tim.o(.text)
    TIM_GetCapture3                          0x0800491d   Thumb Code     6  stm32f10x_tim.o(.text)
    TIM_GetCapture4                          0x08004923   Thumb Code     8  stm32f10x_tim.o(.text)
    TIM_GetCounter                           0x0800492b   Thumb Code     6  stm32f10x_tim.o(.text)
    TIM_GetPrescaler                         0x08004931   Thumb Code     6  stm32f10x_tim.o(.text)
    TIM_GetFlagStatus                        0x08004937   Thumb Code    18  stm32f10x_tim.o(.text)
    TIM_ClearFlag                            0x08004949   Thumb Code     6  stm32f10x_tim.o(.text)
    TIM_GetITStatus                          0x0800494f   Thumb Code    34  stm32f10x_tim.o(.text)
    TIM_ClearITPendingBit                    0x08004971   Thumb Code     6  stm32f10x_tim.o(.text)
    SPI_I2S_DeInit                           0x08004979   Thumb Code    76  stm32f10x_spi.o(.text)
    SPI_Init                                 0x080049c5   Thumb Code    60  stm32f10x_spi.o(.text)
    I2S_Init                                 0x08004a01   Thumb Code   226  stm32f10x_spi.o(.text)
    SPI_StructInit                           0x08004ae3   Thumb Code    24  stm32f10x_spi.o(.text)
    I2S_StructInit                           0x08004afb   Thumb Code    20  stm32f10x_spi.o(.text)
    SPI_Cmd                                  0x08004b0f   Thumb Code    24  stm32f10x_spi.o(.text)
    I2S_Cmd                                  0x08004b27   Thumb Code    24  stm32f10x_spi.o(.text)
    SPI_I2S_ITConfig                         0x08004b3f   Thumb Code    32  stm32f10x_spi.o(.text)
    SPI_I2S_DMACmd                           0x08004b5f   Thumb Code    18  stm32f10x_spi.o(.text)
    SPI_I2S_SendData                         0x08004b71   Thumb Code     4  stm32f10x_spi.o(.text)
    SPI_I2S_ReceiveData                      0x08004b75   Thumb Code     6  stm32f10x_spi.o(.text)
    SPI_NSSInternalSoftwareConfig            0x08004b7b   Thumb Code    30  stm32f10x_spi.o(.text)
    SPI_SSOutputCmd                          0x08004b99   Thumb Code    24  stm32f10x_spi.o(.text)
    SPI_DataSizeConfig                       0x08004bb1   Thumb Code    18  stm32f10x_spi.o(.text)
    SPI_TransmitCRC                          0x08004bc3   Thumb Code    10  stm32f10x_spi.o(.text)
    SPI_CalculateCRC                         0x08004bcd   Thumb Code    24  stm32f10x_spi.o(.text)
    SPI_GetCRC                               0x08004be5   Thumb Code    16  stm32f10x_spi.o(.text)
    SPI_GetCRCPolynomial                     0x08004bf5   Thumb Code     6  stm32f10x_spi.o(.text)
    SPI_BiDirectionalLineConfig              0x08004bfb   Thumb Code    28  stm32f10x_spi.o(.text)
    SPI_I2S_GetFlagStatus                    0x08004c17   Thumb Code    18  stm32f10x_spi.o(.text)
    SPI_I2S_ClearFlag                        0x08004c29   Thumb Code     6  stm32f10x_spi.o(.text)
    SPI_I2S_GetITStatus                      0x08004c2f   Thumb Code    52  stm32f10x_spi.o(.text)
    SPI_I2S_ClearITPendingBit                0x08004c63   Thumb Code    20  stm32f10x_spi.o(.text)
    __use_no_semihosting                     0x08004c85   Thumb Code     2  use_no_semi_2.o(.text)
    __use_two_region_memory                  0x08004c87   Thumb Code     2  heapauxi.o(.text)
    __rt_heap_escrow$2region                 0x08004c89   Thumb Code     2  heapauxi.o(.text)
    __rt_heap_expand$2region                 0x08004c8b   Thumb Code     2  heapauxi.o(.text)
    __I$use$semihosting                      0x08004c8d   Thumb Code     0  use_no_semi.o(.text)
    __use_no_semihosting_swi                 0x08004c8d   Thumb Code     2  use_no_semi.o(.text)
    __user_setup_stackheap                   0x08004c8f   Thumb Code    74  sys_stackheap_outer.o(.text)
    exit                                     0x08004cd9   Thumb Code    12  exit.o(.text)
    __user_libspace                          0x08004ce5   Thumb Code     8  libspace.o(.text)
    __user_perproc_libspace                  0x08004ce5   Thumb Code     0  libspace.o(.text)
    __user_perthread_libspace                0x08004ce5   Thumb Code     0  libspace.o(.text)
    __aeabi_d2f                              0x08004ced   Thumb Code     0  d2f.o(x$fpl$d2f)
    _d2f                                     0x08004ced   Thumb Code    98  d2f.o(x$fpl$d2f)
    __aeabi_dadd                             0x08004d51   Thumb Code     0  daddsub_clz.o(x$fpl$dadd)
    _dadd                                    0x08004d51   Thumb Code   332  daddsub_clz.o(x$fpl$dadd)
    __fpl_dcmp_Inf                           0x08004ea1   Thumb Code    24  dcmpi.o(x$fpl$dcmpinf)
    __aeabi_ddiv                             0x08004eb9   Thumb Code     0  ddiv.o(x$fpl$ddiv)
    _ddiv                                    0x08004eb9   Thumb Code   552  ddiv.o(x$fpl$ddiv)
    __aeabi_d2iz                             0x08005169   Thumb Code     0  dfix.o(x$fpl$dfix)
    _dfix                                    0x08005169   Thumb Code    94  dfix.o(x$fpl$dfix)
    __aeabi_i2d                              0x080051c7   Thumb Code     0  dflt_clz.o(x$fpl$dflt)
    _dflt                                    0x080051c7   Thumb Code    46  dflt_clz.o(x$fpl$dflt)
    __aeabi_cdcmple                          0x080051f5   Thumb Code     0  dleqf.o(x$fpl$dleqf)
    _dcmple                                  0x080051f5   Thumb Code   120  dleqf.o(x$fpl$dleqf)
    __fpl_dcmple_InfNaN                      0x08005257   Thumb Code     0  dleqf.o(x$fpl$dleqf)
    __aeabi_dmul                             0x0800526d   Thumb Code     0  dmul.o(x$fpl$dmul)
    _dmul                                    0x0800526d   Thumb Code   332  dmul.o(x$fpl$dmul)
    __fpl_dnaninf                            0x080053c1   Thumb Code   156  dnaninf.o(x$fpl$dnaninf)
    __fpl_dretinf                            0x0800545d   Thumb Code    12  dretinf.o(x$fpl$dretinf)
    __aeabi_cdrcmple                         0x08005469   Thumb Code     0  drleqf.o(x$fpl$drleqf)
    _drcmple                                 0x08005469   Thumb Code   108  drleqf.o(x$fpl$drleqf)
    __aeabi_drsub                            0x080054d5   Thumb Code     0  daddsub_clz.o(x$fpl$drsb)
    _drsb                                    0x080054d5   Thumb Code    22  daddsub_clz.o(x$fpl$drsb)
    __aeabi_dsub                             0x080054ed   Thumb Code     0  daddsub_clz.o(x$fpl$dsub)
    _dsub                                    0x080054ed   Thumb Code   464  daddsub_clz.o(x$fpl$dsub)
    __aeabi_f2d                              0x080056c1   Thumb Code     0  f2d.o(x$fpl$f2d)
    _f2d                                     0x080056c1   Thumb Code    86  f2d.o(x$fpl$f2d)
    __aeabi_fadd                             0x08005719   Thumb Code     0  faddsub_clz.o(x$fpl$fadd)
    _fadd                                    0x08005719   Thumb Code   196  faddsub_clz.o(x$fpl$fadd)
    __fpl_fcmp_Inf                           0x080057dd   Thumb Code    24  fcmpi.o(x$fpl$fcmpinf)
    __aeabi_fdiv                             0x080057f5   Thumb Code     0  fdiv.o(x$fpl$fdiv)
    _fdiv                                    0x080057f5   Thumb Code   384  fdiv.o(x$fpl$fdiv)
    __aeabi_f2uiz                            0x08005979   Thumb Code     0  ffixu.o(x$fpl$ffixu)
    _ffixu                                   0x08005979   Thumb Code    62  ffixu.o(x$fpl$ffixu)
    __aeabi_ui2f                             0x080059b9   Thumb Code     0  fflt_clz.o(x$fpl$ffltu)
    _ffltu                                   0x080059b9   Thumb Code    38  fflt_clz.o(x$fpl$ffltu)
    __aeabi_cfcmple                          0x080059e1   Thumb Code     0  fleqf.o(x$fpl$fleqf)
    _fcmple                                  0x080059e1   Thumb Code   104  fleqf.o(x$fpl$fleqf)
    __fpl_fcmple_InfNaN                      0x08005a33   Thumb Code     0  fleqf.o(x$fpl$fleqf)
    __aeabi_fmul                             0x08005a49   Thumb Code     0  fmul.o(x$fpl$fmul)
    _fmul                                    0x08005a49   Thumb Code   258  fmul.o(x$fpl$fmul)
    __fpl_fnaninf                            0x08005b4b   Thumb Code   140  fnaninf.o(x$fpl$fnaninf)
    __fpl_fretinf                            0x08005bd7   Thumb Code    10  fretinf.o(x$fpl$fretinf)
    __aeabi_fsub                             0x08005be1   Thumb Code     0  faddsub_clz.o(x$fpl$fsub)
    _fsub                                    0x08005be1   Thumb Code   234  faddsub_clz.o(x$fpl$fsub)
    F6x8                                     0x08005cca   Data         552  oled.o(.constdata)
    __I$use$fp                               0x08005cca   Number         0  usenofp.o(x$fpl$usenofp)
    F8X16                                    0x08005ef2   Data        1520  oled.o(.constdata)
    Region$$Table$$Base                      0x080064e4   Number         0  anon$$obj.o(Region$$Table)
    Region$$Table$$Limit                     0x08006504   Number         0  anon$$obj.o(Region$$Table)
    paper_num                                0x20000000   Data           8  main.o(.data)
    res5                                     0x20000008   Data           4  main.o(.data)
    res6                                     0x2000000c   Data           4  main.o(.data)
    y20                                      0x20000010   Data         160  main.o(.data)
    paper_17                                 0x200000b0   Data           4  main.o(.data)
    y60                                      0x200000b8   Data         192  main.o(.data)
    mode_flag                                0x20000178   Data           4  main.o(.data)
    Sum                                      0x20000180   Data           8  main.o(.data)
    Sum1                                     0x20000188   Data           8  main.o(.data)
    Sum2                                     0x20000190   Data           8  main.o(.data)
    Sum12                                    0x20000198   Data           8  main.o(.data)
    SystemCoreClock                          0x200001a0   Data           4  system_stm32f10x.o(.data)
    AHBPrescTable                            0x200001a4   Data          16  system_stm32f10x.o(.data)
    Hzk                                      0x200001b4   Data        1536  oled.o(.data)
    data_Fdc2214_H                           0x200007b4   Data           4  fdc2214.o(.data)
    data_Fdc2214_L                           0x200007b8   Data           4  fdc2214.o(.data)
    SPI_FLASH_TYPE                           0x200007be   Data           2  flash.o(.data)
    __stdout                                 0x200007c4   Data           4  usart.o(.data)
    USART_RX_STA                             0x200007c8   Data           2  usart.o(.data)
    cap_num_hard                             0x200007e0   Data        2000  main.o(.bss)
    cap_num_end                              0x20000fb0   Data         120  main.o(.bss)
    x20                                      0x20001028   Data         160  main.o(.bss)
    x60                                      0x200010c8   Data         192  main.o(.bss)
    kn                                       0x20001188   Data         192  main.o(.bss)
    multiterm                                0x20001248   Data          48  main.o(.bss)
    a                                        0x20001278   Data        3200  main.o(.bss)
    b                                        0x20001ef8   Data        3200  main.o(.bss)
    c                                        0x20002b78   Data        3200  main.o(.bss)
    d                                        0x200037f8   Data         160  main.o(.bss)
    kd                                       0x20003898   Data         160  main.o(.bss)
    a2                                       0x20003938   Data        4608  main.o(.bss)
    b2                                       0x20004b38   Data        4608  main.o(.bss)
    c2                                       0x20005d38   Data        4608  main.o(.bss)
    d2                                       0x20006f38   Data         192  main.o(.bss)
    SPI_FLASH_BUF                            0x20006ff8   Data        4096  flash.o(.bss)
    SPI_InitStructure                        0x20007ff8   Data          18  spi.o(.bss)
    USART_RX_BUF                             0x2000800a   Data         200  usart.o(.bss)
    __libspace_start                         0x200080d4   Data          96  libspace.o(.bss)
    __temporary_stack_top$libspace           0x20008134   Data           0  libspace.o(.bss)



==============================================================================

Memory Map of the image

  Image Entry point : 0x08000131

  Load Region LR_IROM1 (Base: 0x08000000, Size: 0x00006ce4, Max: 0x00040000, ABSOLUTE, COMPRESSED[0x0000685c])

    Execution Region ER_IROM1 (Exec base: 0x08000000, Load base: 0x08000000, Size: 0x00006504, Max: 0x00040000, ABSOLUTE)

    Exec Addr    Load Addr    Size         Type   Attr      Idx    E Section Name        Object

    0x08000000   0x08000000   0x00000130   Data   RO          430    RESET               startup_stm32f10x_hd.o
    0x08000130   0x08000130   0x00000008   Code   RO          551  * !!!main             c_w.l(__main.o)
    0x08000138   0x08000138   0x00000034   Code   RO          774    !!!scatter          c_w.l(__scatter.o)
    0x0800016c   0x0800016c   0x0000005a   Code   RO          772    !!dczerorl2         c_w.l(__dczerorl2.o)
    0x080001c6   0x080001c6   0x00000002   PAD
    0x080001c8   0x080001c8   0x0000001c   Code   RO          776    !!handler_zi        c_w.l(__scatter_zi.o)
    0x080001e4   0x080001e4   0x00000002   Code   RO          647    .ARM.Collect$$libinit$$00000000  c_w.l(libinit.o)
    0x080001e6   0x080001e6   0x00000000   Code   RO          654    .ARM.Collect$$libinit$$00000002  c_w.l(libinit2.o)
    0x080001e6   0x080001e6   0x00000000   Code   RO          656    .ARM.Collect$$libinit$$00000004  c_w.l(libinit2.o)
    0x080001e6   0x080001e6   0x00000000   Code   RO          659    .ARM.Collect$$libinit$$0000000A  c_w.l(libinit2.o)
    0x080001e6   0x080001e6   0x00000000   Code   RO          661    .ARM.Collect$$libinit$$0000000C  c_w.l(libinit2.o)
    0x080001e6   0x080001e6   0x00000000   Code   RO          663    .ARM.Collect$$libinit$$0000000E  c_w.l(libinit2.o)
    0x080001e6   0x080001e6   0x00000000   Code   RO          666    .ARM.Collect$$libinit$$00000011  c_w.l(libinit2.o)
    0x080001e6   0x080001e6   0x00000000   Code   RO          668    .ARM.Collect$$libinit$$00000013  c_w.l(libinit2.o)
    0x080001e6   0x080001e6   0x00000000   Code   RO          670    .ARM.Collect$$libinit$$00000015  c_w.l(libinit2.o)
    0x080001e6   0x080001e6   0x00000000   Code   RO          672    .ARM.Collect$$libinit$$00000017  c_w.l(libinit2.o)
    0x080001e6   0x080001e6   0x00000000   Code   RO          674    .ARM.Collect$$libinit$$00000019  c_w.l(libinit2.o)
    0x080001e6   0x080001e6   0x00000000   Code   RO          676    .ARM.Collect$$libinit$$0000001B  c_w.l(libinit2.o)
    0x080001e6   0x080001e6   0x00000000   Code   RO          678    .ARM.Collect$$libinit$$0000001D  c_w.l(libinit2.o)
    0x080001e6   0x080001e6   0x00000000   Code   RO          680    .ARM.Collect$$libinit$$0000001F  c_w.l(libinit2.o)
    0x080001e6   0x080001e6   0x00000000   Code   RO          682    .ARM.Collect$$libinit$$00000021  c_w.l(libinit2.o)
    0x080001e6   0x080001e6   0x00000000   Code   RO          684    .ARM.Collect$$libinit$$00000023  c_w.l(libinit2.o)
    0x080001e6   0x080001e6   0x00000000   Code   RO          686    .ARM.Collect$$libinit$$00000025  c_w.l(libinit2.o)
    0x080001e6   0x080001e6   0x00000000   Code   RO          690    .ARM.Collect$$libinit$$0000002C  c_w.l(libinit2.o)
    0x080001e6   0x080001e6   0x00000000   Code   RO          692    .ARM.Collect$$libinit$$0000002E  c_w.l(libinit2.o)
    0x080001e6   0x080001e6   0x00000000   Code   RO          694    .ARM.Collect$$libinit$$00000030  c_w.l(libinit2.o)
    0x080001e6   0x080001e6   0x00000000   Code   RO          696    .ARM.Collect$$libinit$$00000032  c_w.l(libinit2.o)
    0x080001e6   0x080001e6   0x00000002   Code   RO          697    .ARM.Collect$$libinit$$00000033  c_w.l(libinit2.o)
    0x080001e8   0x080001e8   0x00000002   Code   RO          715    .ARM.Collect$$libshutdown$$00000000  c_w.l(libshutdown.o)
    0x080001ea   0x080001ea   0x00000000   Code   RO          726    .ARM.Collect$$libshutdown$$00000003  c_w.l(libshutdown2.o)
    0x080001ea   0x080001ea   0x00000000   Code   RO          729    .ARM.Collect$$libshutdown$$00000006  c_w.l(libshutdown2.o)
    0x080001ea   0x080001ea   0x00000000   Code   RO          732    .ARM.Collect$$libshutdown$$00000009  c_w.l(libshutdown2.o)
    0x080001ea   0x080001ea   0x00000000   Code   RO          734    .ARM.Collect$$libshutdown$$0000000B  c_w.l(libshutdown2.o)
    0x080001ea   0x080001ea   0x00000000   Code   RO          737    .ARM.Collect$$libshutdown$$0000000E  c_w.l(libshutdown2.o)
    0x080001ea   0x080001ea   0x00000002   Code   RO          738    .ARM.Collect$$libshutdown$$0000000F  c_w.l(libshutdown2.o)
    0x080001ec   0x080001ec   0x00000000   Code   RO          609    .ARM.Collect$$rtentry$$00000000  c_w.l(__rtentry.o)
    0x080001ec   0x080001ec   0x00000000   Code   RO          624    .ARM.Collect$$rtentry$$00000002  c_w.l(__rtentry2.o)
    0x080001ec   0x080001ec   0x00000006   Code   RO          636    .ARM.Collect$$rtentry$$00000004  c_w.l(__rtentry4.o)
    0x080001f2   0x080001f2   0x00000000   Code   RO          626    .ARM.Collect$$rtentry$$00000009  c_w.l(__rtentry2.o)
    0x080001f2   0x080001f2   0x00000004   Code   RO          627    .ARM.Collect$$rtentry$$0000000A  c_w.l(__rtentry2.o)
    0x080001f6   0x080001f6   0x00000000   Code   RO          629    .ARM.Collect$$rtentry$$0000000C  c_w.l(__rtentry2.o)
    0x080001f6   0x080001f6   0x00000008   Code   RO          630    .ARM.Collect$$rtentry$$0000000D  c_w.l(__rtentry2.o)
    0x080001fe   0x080001fe   0x00000002   Code   RO          651    .ARM.Collect$$rtexit$$00000000  c_w.l(rtexit.o)
    0x08000200   0x08000200   0x00000000   Code   RO          699    .ARM.Collect$$rtexit$$00000002  c_w.l(rtexit2.o)
    0x08000200   0x08000200   0x00000004   Code   RO          700    .ARM.Collect$$rtexit$$00000003  c_w.l(rtexit2.o)
    0x08000204   0x08000204   0x00000006   Code   RO          701    .ARM.Collect$$rtexit$$00000004  c_w.l(rtexit2.o)
    0x0800020a   0x0800020a   0x00000002   PAD
    0x0800020c   0x0800020c   0x000014e8   Code   RO            1    .text               main.o
    0x080016f4   0x080016f4   0x0000001a   Code   RO          157    .text               stm32f10x_it.o
    0x0800170e   0x0800170e   0x00000002   PAD
    0x08001710   0x08001710   0x000001e0   Code   RO          198    .text               system_stm32f10x.o
    0x080018f0   0x080018f0   0x000000e8   Code   RO          228    .text               wkup.o
    0x080019d8   0x080019d8   0x000005f0   Code   RO          240    .text               oled.o
    0x08001fc8   0x08001fc8   0x000001d4   Code   RO          262    .text               fdc2214.o
    0x0800219c   0x0800219c   0x00000368   Code   RO          281    .text               myiic.o
    0x08002504   0x08002504   0x00000038   Code   RO          293    .text               beep.o
    0x0800253c   0x0800253c   0x00000178   Code   RO          305    .text               key.o
    0x080026b4   0x080026b4   0x00000060   Code   RO          318    .text               mytime.o
    0x08002714   0x08002714   0x00000348   Code   RO          330    .text               flash.o
    0x08002a5c   0x08002a5c   0x000000e0   Code   RO          349    .text               spi.o
    0x08002b3c   0x08002b3c   0x000000d4   Code   RO          364    .text               delay.o
    0x08002c10   0x08002c10   0x00000140   Code   RO          395    .text               usart.o
    0x08002d50   0x08002d50   0x00000040   Code   RO          431    .text               startup_stm32f10x_hd.o
    0x08002d90   0x08002d90   0x0000035c   Code   RO          435    .text               stm32f10x_gpio.o
    0x080030ec   0x080030ec   0x000003a4   Code   RO          447    .text               stm32f10x_rcc.o
    0x08003490   0x08003490   0x00000408   Code   RO          461    .text               stm32f10x_usart.o
    0x08003898   0x08003898   0x000000dc   Code   RO          473    .text               misc.o
    0x08003974   0x08003974   0x000000cc   Code   RO          497    .text               stm32f10x_pwr.o
    0x08003a40   0x08003a40   0x0000011c   Code   RO          509    .text               stm32f10x_exti.o
    0x08003b5c   0x08003b5c   0x00000e1a   Code   RO          521    .text               stm32f10x_tim.o
    0x08004976   0x08004976   0x00000002   PAD
    0x08004978   0x08004978   0x0000030c   Code   RO          533    .text               stm32f10x_spi.o
    0x08004c84   0x08004c84   0x00000002   Code   RO          547    .text               c_w.l(use_no_semi_2.o)
    0x08004c86   0x08004c86   0x00000006   Code   RO          549    .text               c_w.l(heapauxi.o)
    0x08004c8c   0x08004c8c   0x00000002   Code   RO          607    .text               c_w.l(use_no_semi.o)
    0x08004c8e   0x08004c8e   0x0000004a   Code   RO          638    .text               c_w.l(sys_stackheap_outer.o)
    0x08004cd8   0x08004cd8   0x0000000c   Code   RO          640    .text               c_w.l(exit.o)
    0x08004ce4   0x08004ce4   0x00000008   Code   RO          648    .text               c_w.l(libspace.o)
    0x08004cec   0x08004cec   0x00000062   Code   RO          553    x$fpl$d2f           fz_ws.l(d2f.o)
    0x08004d4e   0x08004d4e   0x00000002   PAD
    0x08004d50   0x08004d50   0x00000150   Code   RO          555    x$fpl$dadd          fz_ws.l(daddsub_clz.o)
    0x08004ea0   0x08004ea0   0x00000018   Code   RO          610    x$fpl$dcmpinf       fz_ws.l(dcmpi.o)
    0x08004eb8   0x08004eb8   0x000002b0   Code   RO          562    x$fpl$ddiv          fz_ws.l(ddiv.o)
    0x08005168   0x08005168   0x0000005e   Code   RO          565    x$fpl$dfix          fz_ws.l(dfix.o)
    0x080051c6   0x080051c6   0x0000002e   Code   RO          570    x$fpl$dflt          fz_ws.l(dflt_clz.o)
    0x080051f4   0x080051f4   0x00000078   Code   RO          575    x$fpl$dleqf         fz_ws.l(dleqf.o)
    0x0800526c   0x0800526c   0x00000154   Code   RO          577    x$fpl$dmul          fz_ws.l(dmul.o)
    0x080053c0   0x080053c0   0x0000009c   Code   RO          612    x$fpl$dnaninf       fz_ws.l(dnaninf.o)
    0x0800545c   0x0800545c   0x0000000c   Code   RO          614    x$fpl$dretinf       fz_ws.l(dretinf.o)
    0x08005468   0x08005468   0x0000006c   Code   RO          579    x$fpl$drleqf        fz_ws.l(drleqf.o)
    0x080054d4   0x080054d4   0x00000016   Code   RO          556    x$fpl$drsb          fz_ws.l(daddsub_clz.o)
    0x080054ea   0x080054ea   0x00000002   PAD
    0x080054ec   0x080054ec   0x000001d4   Code   RO          557    x$fpl$dsub          fz_ws.l(daddsub_clz.o)
    0x080056c0   0x080056c0   0x00000056   Code   RO          581    x$fpl$f2d           fz_ws.l(f2d.o)
    0x08005716   0x08005716   0x00000002   PAD
    0x08005718   0x08005718   0x000000c4   Code   RO          583    x$fpl$fadd          fz_ws.l(faddsub_clz.o)
    0x080057dc   0x080057dc   0x00000018   Code   RO          616    x$fpl$fcmpinf       fz_ws.l(fcmpi.o)
    0x080057f4   0x080057f4   0x00000184   Code   RO          590    x$fpl$fdiv          fz_ws.l(fdiv.o)
    0x08005978   0x08005978   0x0000003e   Code   RO          593    x$fpl$ffixu         fz_ws.l(ffixu.o)
    0x080059b6   0x080059b6   0x00000002   PAD
    0x080059b8   0x080059b8   0x00000026   Code   RO          597    x$fpl$ffltu         fz_ws.l(fflt_clz.o)
    0x080059de   0x080059de   0x00000002   PAD
    0x080059e0   0x080059e0   0x00000068   Code   RO          603    x$fpl$fleqf         fz_ws.l(fleqf.o)
    0x08005a48   0x08005a48   0x00000102   Code   RO          605    x$fpl$fmul          fz_ws.l(fmul.o)
    0x08005b4a   0x08005b4a   0x0000008c   Code   RO          618    x$fpl$fnaninf       fz_ws.l(fnaninf.o)
    0x08005bd6   0x08005bd6   0x0000000a   Code   RO          620    x$fpl$fretinf       fz_ws.l(fretinf.o)
    0x08005be0   0x08005be0   0x000000ea   Code   RO          585    x$fpl$fsub          fz_ws.l(faddsub_clz.o)
    0x08005cca   0x08005cca   0x00000000   Code   RO          622    x$fpl$usenofp       fz_ws.l(usenofp.o)
    0x08005cca   0x08005cca   0x00000818   Data   RO          241    .constdata          oled.o
    0x080064e2   0x080064e2   0x00000002   PAD
    0x080064e4   0x080064e4   0x00000020   Data   RO          770    Region$$Table       anon$$obj.o


    Execution Region RW_IRAM1 (Exec base: 0x20000000, Load base: 0x08006504, Size: 0x00008738, Max: 0x0000c000, ABSOLUTE, COMPRESSED[0x00000358])

    Exec Addr    Load Addr    Size         Type   Attr      Idx    E Section Name        Object

    0x20000000   COMPRESSED   0x000001a0   Data   RW            3    .data               main.o
    0x200001a0   COMPRESSED   0x00000014   Data   RW          199    .data               system_stm32f10x.o
    0x200001b4   COMPRESSED   0x00000600   Data   RW          242    .data               oled.o
    0x200007b4   COMPRESSED   0x00000008   Data   RW          263    .data               fdc2214.o
    0x200007bc   COMPRESSED   0x00000001   Data   RW          306    .data               key.o
    0x200007bd   COMPRESSED   0x00000001   PAD
    0x200007be   COMPRESSED   0x00000002   Data   RW          332    .data               flash.o
    0x200007c0   COMPRESSED   0x00000004   Data   RW          365    .data               delay.o
    0x200007c4   COMPRESSED   0x00000006   Data   RW          397    .data               usart.o
    0x200007ca   COMPRESSED   0x00000014   Data   RW          448    .data               stm32f10x_rcc.o
    0x200007de   COMPRESSED   0x00000002   PAD
    0x200007e0        -       0x00006818   Zero   RW            2    .bss                main.o
    0x20006ff8        -       0x00001000   Zero   RW          331    .bss                flash.o
    0x20007ff8        -       0x00000012   Zero   RW          350    .bss                spi.o
    0x2000800a        -       0x000000c8   Zero   RW          396    .bss                usart.o
    0x200080d2   COMPRESSED   0x00000002   PAD
    0x200080d4        -       0x00000060   Zero   RW          649    .bss                c_w.l(libspace.o)
    0x20008134   COMPRESSED   0x00000004   PAD
    0x20008138        -       0x00000200   Zero   RW          429    HEAP                startup_stm32f10x_hd.o
    0x20008338        -       0x00000400   Zero   RW          428    STACK               startup_stm32f10x_hd.o


==============================================================================

Image component sizes


      Code (inc. data)   RO Data    RW Data    ZI Data      Debug   Object Name

        56          6          0          0          0        492   beep.o
       212         18          0          4          0       1031   delay.o
       468         38          0          8          0       1380   fdc2214.o
       840         20          0          2       4096       4349   flash.o
       376         22          0          1          0        912   key.o
      5352        256          0        416      26648     271715   main.o
       220         22          0          0          0       1809   misc.o
       872         18          0          0          0       2607   myiic.o
        96          6          0          0          0        628   mytime.o
      1520         22       2072       1536          0       6567   oled.o
       224         12          0          0         18       1277   spi.o
        64         26        304          0       1536        804   startup_stm32f10x_hd.o
       284         10          0          0          0       2239   stm32f10x_exti.o
       860         38          0          0          0       5653   stm32f10x_gpio.o
        26          0          0          0          0       1186   stm32f10x_it.o
       204         14          0          0          0       1923   stm32f10x_pwr.o
       932         36          0         20          0       8828   stm32f10x_rcc.o
       780         14          0          0          0       6534   stm32f10x_spi.o
      3610         88          0          0          0      22136   stm32f10x_tim.o
      1032         22          0          0          0       8380   stm32f10x_usart.o
         0          0          0          0          0         32   sys.o
       480         38          0         20          0       1755   system_stm32f10x.o
       320         16          0          6        200       3162   usart.o
       232         10          0          0          0       1214   wkup.o

    ----------------------------------------------------------------------
     19064        752       2410       2016      32500     356613   Object Totals
         0          0         32          0          0          0   (incl. Generated)
         4          0          2          3          2          0   (incl. Padding)

    ----------------------------------------------------------------------

      Code (inc. data)   RO Data    RW Data    ZI Data      Debug   Library Member Name

        90          0          0          0          0          0   __dczerorl2.o
         8          0          0          0          0         68   __main.o
         0          0          0          0          0          0   __rtentry.o
        12          0          0          0          0          0   __rtentry2.o
         6          0          0          0          0          0   __rtentry4.o
        52          8          0          0          0          0   __scatter.o
        28          0          0          0          0          0   __scatter_zi.o
        12          0          0          0          0         72   exit.o
         6          0          0          0          0        152   heapauxi.o
         2          0          0          0          0          0   libinit.o
         2          0          0          0          0          0   libinit2.o
         2          0          0          0          0          0   libshutdown.o
         2          0          0          0          0          0   libshutdown2.o
         8          4          0          0         96         68   libspace.o
         2          0          0          0          0          0   rtexit.o
        10          0          0          0          0          0   rtexit2.o
        74          0          0          0          0         80   sys_stackheap_outer.o
         2          0          0          0          0         68   use_no_semi.o
         2          0          0          0          0         68   use_no_semi_2.o
        98          4          0          0          0         92   d2f.o
       826         16          0          0          0        348   daddsub_clz.o
        24          0          0          0          0         68   dcmpi.o
       688        140          0          0          0        208   ddiv.o
        94          4          0          0          0         92   dfix.o
        46          0          0          0          0         68   dflt_clz.o
       120          4          0          0          0         92   dleqf.o
       340         12          0          0          0        104   dmul.o
       156          4          0          0          0         92   dnaninf.o
        12          0          0          0          0         68   dretinf.o
       108          0          0          0          0         80   drleqf.o
        86          4          0          0          0         84   f2d.o
       430          8          0          0          0        168   faddsub_clz.o
        24          0          0          0          0         68   fcmpi.o
       388         76          0          0          0         96   fdiv.o
        62          4          0          0          0         84   ffixu.o
        38          0          0          0          0         68   fflt_clz.o
       104          4          0          0          0         84   fleqf.o
       258          4          0          0          0         84   fmul.o
       140          4          0          0          0         84   fnaninf.o
        10          0          0          0          0         68   fretinf.o
         0          0          0          0          0          0   usenofp.o

    ----------------------------------------------------------------------
      4386        300          0          0        100       2776   Library Totals
        14          0          0          0          4          0   (incl. Padding)

    ----------------------------------------------------------------------

      Code (inc. data)   RO Data    RW Data    ZI Data      Debug   Library Name

       320         12          0          0         96        576   c_w.l
      4052        288          0          0          0       2200   fz_ws.l

    ----------------------------------------------------------------------
      4386        300          0          0        100       2776   Library Totals

    ----------------------------------------------------------------------

==============================================================================


      Code (inc. data)   RO Data    RW Data    ZI Data      Debug   

     23450       1052       2410       2016      32600     356161   Grand Totals
     23450       1052       2410        856      32600     356161   ELF Image Totals (compressed)
     23450       1052       2410        856          0          0   ROM Totals

==============================================================================

    Total RO  Size (Code + RO Data)                25860 (  25.25kB)
    Total RW  Size (RW Data + ZI Data)             34616 (  33.80kB)
    Total ROM Size (Code + RO Data + RW Data)      26716 (  26.09kB)

==============================================================================

